Microchip Technology Inc, vv1.24 (0)

Tool Name:
  c:\program files (x86)\microchip\xc16\v1.24\bin\bin\..\bin/elf-ld.exe

Command:
  -p24EP256GP204 \
  -o \
  dist/default/debug/RMCU_PIC24_SBR.X.debug.elf \
  -Lc:/program files (x86)/microchip/xc16/v1.24/bin/bin/.. \
  -Lc:/program files (x86)/microchip/xc16/v1.24/bin/bin/../../lib \
  -Lc:/program files (x86)/microchip/xc16/v1.24/bin/bin/../../lib/PIC24E \
  -Lc:/program files (x86)/microchip/xc16/v1.24/bin/bin/../../support/PIC24E/gld \
  -Lc:/program files (x86)/microchip/xc16/v1.24/bin/bin/../../lib/PIC24F \
  -Lc:/program files (x86)/microchip/xc16/v1.24/bin/bin/../../support/PIC24F/gld \
  -Lc:/program files (x86)/microchip/xc16/v1.24/bin/bin/../../lib/PIC24H \
  -Lc:/program files (x86)/microchip/xc16/v1.24/bin/bin/../../support/PIC24H/gld \
  -Lc:/program files (x86)/microchip/xc16/v1.24/bin/bin/../../lib/dsPIC30F \
  -Lc:/program files (x86)/microchip/xc16/v1.24/bin/bin/../../support/dsPIC30F/gld \
  -Lc:/program files (x86)/microchip/xc16/v1.24/bin/bin/../../lib/dsPIC33E \
  -Lc:/program files (x86)/microchip/xc16/v1.24/bin/bin/../../support/dsPIC33E/gld \
  -Lc:/program files (x86)/microchip/xc16/v1.24/bin/bin/../../lib/dsPIC33F \
  -Lc:/program files (x86)/microchip/xc16/v1.24/bin/bin/../../support/dsPIC33F/gld \
  build/default/debug/source/main.o \
  build/default/debug/source/apiStartup.o \
  build/default/debug/source/apiDelay.o \
  build/default/debug/source/apiTick.o \
  build/default/debug/source/libModemUART.o \
  build/default/debug/source/apiModem.o \
  build/default/debug/source/apiEEPROM.o \
  build/default/debug/source/apiHelpers.o \
  build/default/debug/source/apiTask.o \
  build/default/debug/source/apiModbus.o \
  build/default/debug/source/libModbus.o \
  build/default/debug/source/libModbusUART.o \
  build/default/debug/source/cTimer.o \
  build/default/debug/source/apiRTC.o \
  build/default/debug/source/libI2C.o \
  -TC:\Users\104714\AppData\Local\Temp\tmp00000ed0.00 \
  -TC:\Users\104714\AppData\Local\Temp\tmp00000ed0.01 \
  -TC:\Users\104714\AppData\Local\Temp\tmp00000ed0.02 \
  -TC:\Users\104714\AppData\Local\Temp\tmp00000ed0.03 \
  -TC:\Users\104714\AppData\Local\Temp\tmp00000ed0.04 \
  -TC:\Users\104714\AppData\Local\Temp\tmp00000ed0.05 \
  -TC:\Users\104714\AppData\Local\Temp\tmp00000ed0.06 \
  --local-stack \
  --defsym=__MPLAB_BUILD=1 \
  --defsym=__MPLAB_DEBUG=1 \
  --defsym=__DEBUG=1 \
  --defsym=__MPLAB_DEBUGGER_PK3=1 \
  -Tp24EP256GP204.gld.07 \
  --stack=16 \
  --check-sections \
  --data-init \
  --pack-data \
  --handles \
  --isr \
  --no-gc-sections \
  --fill-upper=0 \
  --stackguard=16 \
  --no-force-link \
  --smart-io \
  -Map=dist/default/debug/RMCU_PIC24_SBR.X.debug.map \
  --report-mem \
  -start-group \
  --library=pic30-elf \
  --library=m-elf \
  --library=c-elf \
  -end-group \

Archive member included because of file (symbol)

c:/program files (x86)/microchip/xc16/v1.24/bin/bin/../../lib/PIC24E\libp24EP256GP204-elf.a(IdleI2C1.o)
                              build/default/debug/source/libI2C.o (_IdleI2C1)
c:/program files (x86)/microchip/xc16/v1.24/bin/bin/../../lib/PIC24E\libp24EP256GP204-elf.a(MasterReadI2C1.o)
                              build/default/debug/source/libI2C.o (_MasterReadI2C1)
c:/program files (x86)/microchip/xc16/v1.24/bin/bin/../../lib/PIC24E\libp24EP256GP204-elf.a(MasterWriteI2C1.o)
                              build/default/debug/source/libI2C.o (_MasterWriteI2C1)
c:/program files (x86)/microchip/xc16/v1.24/bin/bin/../../lib/PIC24E\libp24EP256GP204-elf.a(NotAckI2C1.o)
                              build/default/debug/source/libI2C.o (_NotAckI2C1)
c:/program files (x86)/microchip/xc16/v1.24/bin/bin/../../lib/PIC24E\libp24EP256GP204-elf.a(RestartI2C1.o)
                              build/default/debug/source/libI2C.o (_RestartI2C1)
c:/program files (x86)/microchip/xc16/v1.24/bin/bin/../../lib/PIC24E\libp24EP256GP204-elf.a(StartI2C1.o)
                              build/default/debug/source/libI2C.o (_StartI2C1)
c:/program files (x86)/microchip/xc16/v1.24/bin/bin/../../lib/PIC24E\libp24EP256GP204-elf.a(StopI2C1.o)
                              build/default/debug/source/libI2C.o (_StopI2C1)
c:/program files (x86)/microchip/xc16/v1.24/bin/bin/../../lib/PIC24E\libp24EP256GP204-elf.a(ConfigIntTimer23.o)
                              build/default/debug/source/libModemUART.o (_ConfigIntTimer23)
c:/program files (x86)/microchip/xc16/v1.24/bin/bin/../../lib/PIC24E\libp24EP256GP204-elf.a(OpenTimer23.o)
                              build/default/debug/source/libModemUART.o (_OpenTimer23)
c:/program files (x86)/microchip/xc16/v1.24/bin/bin/../../lib\libpic30-elf.a(crt0_extendedep.o)
                              (__resetPRI)
c:/program files (x86)/microchip/xc16/v1.24/bin/bin/../../lib\libpic30-elf.a(data_init_extendedep.o)
                              c:/program files (x86)/microchip/xc16/v1.24/bin/bin/../../lib\libpic30-elf.a(crt0_extendedep.o) (__data_init_extended)
[...]
Memory Configuration

Name             Origin             Length             Attributes
data             0x001000           0x008000           a !xr
reset            0x000000           0x000004  
ivt              0x000004           0x0001fc  
program          0x000200           0x02adec           xr
FICD             0x02aff0           0x000002  
FPOR             0x02aff2           0x000002  
FWDT             0x02aff4           0x000002  
FOSC             0x02aff6           0x000002  
FOSCSEL          0x02aff8           0x000002  
FGS              0x02affa           0x000002  
FUID0            0x800ff8           0x000002  
FUID1            0x800ffa           0x000002  
FUID2            0x800ffc           0x000002  
FUID3            0x800ffe           0x000002  
*default*        0x000000           0xffffffff  

Linker script and memory map

LOAD build/default/debug/source/main.o
LOAD build/default/debug/source/apiStartup.o
LOAD build/default/debug/source/apiDelay.o
LOAD build/default/debug/source/apiTick.o
LOAD build/default/debug/source/libModemUART.o
LOAD build/default/debug/source/apiModem.o
LOAD build/default/debug/source/apiEEPROM.o
LOAD build/default/debug/source/apiHelpers.o
LOAD build/default/debug/source/apiTask.o
LOAD build/default/debug/source/apiModbus.o
LOAD build/default/debug/source/libModbus.o
LOAD build/default/debug/source/libModbusUART.o
LOAD build/default/debug/source/cTimer.o
LOAD build/default/debug/source/apiRTC.o
LOAD build/default/debug/source/libI2C.o

reserve_data_0x1000
                    0x1000         0x1c
                    0x101c                  . = 0x1c
 *fill*             0x1000         0x1c00

reserve_data_0x101c
                    0x101c          0x2
                    0x101e                  . = 0x2
 *fill*             0x101c          0x200

reserve_data_0x101e
                    0x101e          0x2
                    0x1020                  . = 0x2
 *fill*             0x101e          0x200

reserve_data_0x1020
                    0x1020          0x2
                    0x1022                  . = 0x2
 *fill*             0x1020          0x200

reserve_data_0x1022
                    0x1022          0x2
                    0x1024                  . = 0x2
 *fill*             0x1022          0x200

reserve_data_0x1024
                    0x1024          0x4
                    0x1028                  . = 0x4
 *fill*             0x1024          0x400

reserve_data_0x1028
                    0x1028         0x28
                    0x1050                  . = 0x28
 *fill*             0x1028         0x2800
                    0x0001                  __MPLAB_BUILD = 0x1
                    0x0001                  __MPLAB_DEBUG = 0x1
                    0x0001                  __DEBUG = 0x1
                    0x0001                  __MPLAB_DEBUGGER_PK3 = 0x1
LOAD c:/program files (x86)/microchip/xc16/v1.24/bin/bin/../../lib/PIC24E\libp24EP256GP204-elf.a
LOAD c:/program files (x86)/microchip/xc16/v1.24/bin/bin/../../lib\libfx-elf.a
                    0x2aff0                  __FICD = 0x2aff0
                    0x2aff2                  __FPOR = 0x2aff2
                    0x2aff4                  __FWDT = 0x2aff4
                    0x2aff6                  __FOSC = 0x2aff6
                    0x2aff8                  __FOSCSEL = 0x2aff8
                    0x2affa                  __FGS = 0x2affa
                    0x800ff8                  __FUID0 = 0x800ff8
                    0x800ffa                  __FUID1 = 0x800ffa
                    0x800ffc                  __FUID2 = 0x800ffc
                    0x800ffe                  __FUID3 = 0x800ffe
                    0x0200                  __CODE_BASE = 0x200
                    0x2adec                  __CODE_LENGTH = 0x2adec
                    0x0004                  __IVT_BASE = 0x4
                    0x1000                  __DATA_BASE = 0x1000
                    0x8000                  __DATA_LENGTH = 0x8000

.reset            0x000000          0x4
                  0x000000          0x2 SHORT 0x200 ABSOLUTE (__reset)
                  0x000001          0x2 SHORT 0x4
                  0x000002          0x2 SHORT 0x0 ((ABSOLUTE (__reset) >> 0x10) & 0x7f)
                  0x000003          0x2 SHORT 0x0

.text             0x000200       0x12bc
 *(.init)
 .init            0x000200         0x38 c:/program files (x86)/microchip/xc16/v1.24/bin/bin/../../lib\libpic30-elf.a(crt0_extendedep.o)
                  0x000200                  __resetPRI
                  0x000200                  __reset
                  0x00022c                  __psv_init
 .init            0x000238         0x9a c:/program files (x86)/microchip/xc16/v1.24/bin/bin/../../lib\libpic30-elf.a(data_init_extendedep.o)
                  0x000238                  __data_init
                  0x000238                  __data_init_extended
 *(.user_init)
 *(.handle)
 *(.isr*)
 .isr.text        0x0002d2         0xe8 build/default/debug/source/libModbusUART.o
                  0x0002d2                  __U2RXInterrupt
                  0x00034c                  _WriteCharToUART
                  0x000376                  _ConfigModbusUART
 .isr             0x0003ba          0x4 default_isr
                  0x0003ba                  __DefaultInterrupt
 *(.libc)
 .libc            0x0003be          0xe c:/program files (x86)/microchip/xc16/v1.24/bin/bin/../../lib\libc-elf.a(toupper.epeso)
                  0x0003be                  _toupper
 .libc            0x0003cc         0x60 c:/program files (x86)/microchip/xc16/v1.24/bin/bin/../../lib\libpic30-elf.a(writeep.eo)
                  0x0003cc                  _write
 *(.libm)
 *(.libdsp)
 *(.lib*)
 .libperi         0x00042c         0x22 c:/program files (x86)/microchip/xc16/v1.24/bin/bin/../../lib/PIC24E\libp24EP256GP204-elf.a(IdleI2C1.o)
                  0x00042c                  _IdleI2C1
 .libperi         0x00044e         0x10 c:/program files (x86)/microchip/xc16/v1.24/bin/bin/../../lib/PIC24E\libp24EP256GP204-elf.a(MasterReadI2C1.o)
                  0x00044e                  _MasterReadI2C1
 .libperi         0x00045e         0x22 c:/program files (x86)/microchip/xc16/v1.24/bin/bin/../../lib/PIC24E\libp24EP256GP204-elf.a(MasterWriteI2C1.o)
                  0x00045e                  _MasterWriteI2C1
 .libperi         0x000480          0xa c:/program files (x86)/microchip/xc16/v1.24/bin/bin/../../lib/PIC24E\libp24EP256GP204-elf.a(NotAckI2C1.o)
                  0x000480                  _NotAckI2C1
 .libperi         0x00048a          0x8 c:/program files (x86)/microchip/xc16/v1.24/bin/bin/../../lib/PIC24E\libp24EP256GP204-elf.a(RestartI2C1.o)
                  0x00048a                  _RestartI2C1
 .libperi         0x000492          0x8 c:/program files (x86)/microchip/xc16/v1.24/bin/bin/../../lib/PIC24E\libp24EP256GP204-elf.a(StartI2C1.o)
                  0x000492                  _StartI2C1
 .libperi         0x00049a          0x8 c:/program files (x86)/microchip/xc16/v1.24/bin/bin/../../lib/PIC24E\libp24EP256GP204-elf.a(StopI2C1.o)
                  0x00049a                  _StopI2C1
 .libperi         0x0004a2         0x26 c:/program files (x86)/microchip/xc16/v1.24/bin/bin/../../lib/PIC24E\libp24EP256GP204-elf.a(ConfigIntTimer23.o)
                  0x0004a2                  _ConfigIntTimer23
 .libperi         0x0004c8         0x14 c:/program files (x86)/microchip/xc16/v1.24/bin/bin/../../lib/PIC24E\libp24EP256GP204-elf.a(OpenTimer23.o)
                  0x0004c8                  _OpenTimer23
 .libm.subsf3     0x0004dc         0xbc c:/program files (x86)/microchip/xc16/v1.24/bin/bin/../../lib\libm-elf.a(addsf3.epeo)
                  0x0004dc                  ___subsf3
                  0x0004de                  ___addsf3
 .libm.divfs3     0x000598         0x84 c:/program files (x86)/microchip/xc16/v1.24/bin/bin/../../lib\libm-elf.a(divsf3.epeo)
                  0x000598                  ___divsf3
 .libm.fixunssfsi
                  0x00061c         0x36 c:/program files (x86)/microchip/xc16/v1.24/bin/bin/../../lib\libm-elf.a(fixunssfsi.epeo)
                  0x00061c                  ___fixunssfsi
 .libm.floatsisf
                  0x000652          0x6 c:/program files (x86)/microchip/xc16/v1.24/bin/bin/../../lib\libm-elf.a(floatsisf.epeo)
                  0x000652                  ___floatsisf
 .libm.floatundisf
                  0x000658         0x5e c:/program files (x86)/microchip/xc16/v1.24/bin/bin/../../lib\libm-elf.a(floatundisf.epeo)
                  0x000658                  ___floatundisf
 .libm.fpack      0x0006b6         0x4c c:/program files (x86)/microchip/xc16/v1.24/bin/bin/../../lib\libm-elf.a(fpack.epeo)
                  0x0006b6                  __fpack
 .libm.funpack    0x000702         0x2a c:/program files (x86)/microchip/xc16/v1.24/bin/bin/../../lib\libm-elf.a(funpack.epeo)
                  0x000702                  __funpack
 .libm.funpack2
                  0x00072c         0x10 c:/program files (x86)/microchip/xc16/v1.24/bin/bin/../../lib\libm-elf.a(funpack2.epeo)
                  0x00072c                  __funpack2
 .libm.fPropagateNaN
                  0x00073c         0x12 c:/program files (x86)/microchip/xc16/v1.24/bin/bin/../../lib\libm-elf.a(futil.epeo)
                  0x00073c                  __fPropagateNaN
 .libm.fbobExit
                  0x00074e          0x8 c:/program files (x86)/microchip/xc16/v1.24/bin/bin/../../lib\libm-elf.a(futil.epeo)
                  0x00074e                  __fbopExit
 .libm.fbopReturnNaN
                  0x000756          0x6 c:/program files (x86)/microchip/xc16/v1.24/bin/bin/../../lib\libm-elf.a(futil.epeo)
                  0x000756                  __fbopReturnNaN
 .libm.mulsf3     0x00075c         0x68 c:/program files (x86)/microchip/xc16/v1.24/bin/bin/../../lib\libm-elf.a(mulsf3.epeo)
                  0x00075c                  ___mulsf3
 .libm.__PplusBdi
                  0x0007c4         0x2c c:/program files (x86)/microchip/xc16/v1.24/bin/bin/../../lib\libm-elf.a(divmoddi3.epeo)
 .libm.__PminusBdi
                  0x0007f0         0x42 c:/program files (x86)/microchip/xc16/v1.24/bin/bin/../../lib\libm-elf.a(divmoddi3.epeo)
 .libm.__udivmoddi3
                  0x000832         0xd0 c:/program files (x86)/microchip/xc16/v1.24/bin/bin/../../lib\libm-elf.a(divmoddi3.epeo)
                  0x000832                  ___udivmoddi3
 .libm.__udivdi3
                  0x000902         0x12 c:/program files (x86)/microchip/xc16/v1.24/bin/bin/../../lib\libm-elf.a(divmoddi3.epeo)
                  0x000902                  ___udivdi3
 .libm.__umoddi3
                  0x000914          0xc c:/program files (x86)/microchip/xc16/v1.24/bin/bin/../../lib\libm-elf.a(divmoddi3.epeo)
                  0x000914                  ___umoddi3
 .libm.__divdi3
                  0x000920         0x64 c:/program files (x86)/microchip/xc16/v1.24/bin/bin/../../lib\libm-elf.a(divmoddi3.epeo)
                  0x000920                  ___divdi3
 .libm.__moddi3
                  0x000984         0x60 c:/program files (x86)/microchip/xc16/v1.24/bin/bin/../../lib\libm-elf.a(divmoddi3.epeo)
                  0x000984                  ___moddi3
 .libm.__muldi3
                  0x0009e4         0x56 c:/program files (x86)/microchip/xc16/v1.24/bin/bin/../../lib\libm-elf.a(muldi3.epeo)
                  0x0009e4                  ___muldi3
 .libm.floatdisf
                  0x000a3a         0x20 c:/program files (x86)/microchip/xc16/v1.24/bin/bin/../../lib\libm-elf.a(floatdisf.epeo)
                  0x000a3a                  ___floatdisf
 .libm.umuldi3    0x000a5a         0x44 c:/program files (x86)/microchip/xc16/v1.24/bin/bin/../../lib\libm-elf.a(umuldi3.epeo)
                  0x000a5a                  ___umuldi3
 .libc.atoi       0x000a9e         0x42 c:/program files (x86)/microchip/xc16/v1.24/bin/bin/../../lib\libc-elf.a(atoi.epeo)
                  0x000a9e                  _atoi
 .libc.utoa       0x000ae0         0x38 c:/program files (x86)/microchip/xc16/v1.24/bin/bin/../../lib\libc-elf.a(itoa.epeo)
                  0x000ae0                  _utoa
 .libc.itoa       0x000b18         0x20 c:/program files (x86)/microchip/xc16/v1.24/bin/bin/../../lib\libc-elf.a(itoa.epeo)
                  0x000b18                  _itoa
 .libc.memcpy     0x000b38         0x12 c:/program files (x86)/microchip/xc16/v1.24/bin/bin/../../lib\libc-elf.a(memcpy.epeo)
                  0x000b38                  _memcpy
 .libc.memset     0x000b4a         0x12 c:/program files (x86)/microchip/xc16/v1.24/bin/bin/../../lib\libc-elf.a(memset.epeo)
                  0x000b4a                  _memset
 .libc.strcat     0x000b5c         0x1a c:/program files (x86)/microchip/xc16/v1.24/bin/bin/../../lib\libc-elf.a(strcat.epeo)
                  0x000b5c                  _strcat
 .libc.strchr     0x000b76         0x18 c:/program files (x86)/microchip/xc16/v1.24/bin/bin/../../lib\libc-elf.a(strchr.epeo)
                  0x000b76                  _strchr
 .libc.strcmp     0x000b8e         0x12 c:/program files (x86)/microchip/xc16/v1.24/bin/bin/../../lib\libc-elf.a(strcmp.epeo)
                  0x000b8e                  _strcmp
 .libc.strcpy     0x000ba0         0x10 c:/program files (x86)/microchip/xc16/v1.24/bin/bin/../../lib\libc-elf.a(strcpy.epeo)
                  0x000ba0                  _strcpy
 .libc.strlen     0x000bb0         0x12 c:/program files (x86)/microchip/xc16/v1.24/bin/bin/../../lib\libc-elf.a(strlen.epeo)
                  0x000bb0                  _strlen
 .libc.strncmp    0x000bc2         0x26 c:/program files (x86)/microchip/xc16/v1.24/bin/bin/../../lib\libc-elf.a(strncmp.epeo)
                  0x000bc2                  _strncmp
 .libc.strncpy    0x000be8         0x26 c:/program files (x86)/microchip/xc16/v1.24/bin/bin/../../lib\libc-elf.a(strncpy.epeo)
                  0x000be8                  _strncpy
 .libc.strstr     0x000c0e         0x34 c:/program files (x86)/microchip/xc16/v1.24/bin/bin/../../lib\libc-elf.a(strstr.epeo)
                  0x000c0e                  _strstr
 .libc._sprintf_cdnopuxX
                  0x000c42         0x2a c:/program files (x86)/microchip/xc16/v1.24/bin/bin/../../lib\libc-elf.a(sprintf_cdnopuxX.EPeo)
                  0x000c42                  __sprintf_cdnopuxX
 .libc._vfprintf_cdnopuxX
                  0x000c6c        0x710 c:/program files (x86)/microchip/xc16/v1.24/bin/bin/../../lib\libc-elf.a(doprnt_cdnopuxX.EPeo)
                  0x000c6c                  __vfprintf_cdnopuxX
 .libc.fputc      0x00137c         0x8c c:/program files (x86)/microchip/xc16/v1.24/bin/bin/../../lib\libc-elf.a(fputc.epeo)
                  0x00137c                  _fputc
 .libc._flsbuf    0x001408         0x80 c:/program files (x86)/microchip/xc16/v1.24/bin/bin/../../lib\libc-elf.a(flsbuf.epeo)
                  0x001408                  __flsbuf
 .libc.dowrite    0x001488          0x8 c:/program files (x86)/microchip/xc16/v1.24/bin/bin/../../lib\libpic30-elf.a(writeep.eo)
 .libm.udivsi3    0x001490         0x20 c:/program files (x86)/microchip/xc16/v1.24/bin/bin/../../lib\libm-elf.a(udivsi3.epeo)
                  0x001490                  ___udivsi3
 .libm.mulsi3     0x0014b0          0xc c:/program files (x86)/microchip/xc16/v1.24/bin/bin/../../lib\libm-elf.a(mulsi3.epeo)
                  0x0014b0                  ___mulp32peds3
                  0x0014b0                  ___mulsi3
                  0x0014b0                  ___mulp32eds3

usercode
 *(usercode)

__FICD
 *(__FICD.sec*)

__FPOR
 *(__FPOR.sec*)

__FWDT
 *(__FWDT.sec*)

__FOSC
 *(__FOSC.sec*)

__FOSCSEL
 *(__FOSCSEL.sec*)

__FGS             0x02affa          0x2
 *(__FGS.sec*)
 __FGS.sec        0x02affa          0x2 FGS
                  0x02affa                  __FGS.sec

__FUID0
 *(__FUID0.sec*)

__FUID1
 *(__FUID1.sec*)

__FUID2
 *(__FUID2.sec*)

__FUID3
 *(__FUID3.sec*)

.comment
 *(.comment)

.debug_info       0x000000      0x13577
 *(.debug_info)
 .debug_info      0x000000        0x449 build/default/debug/source/main.o
 .debug_info      0x000449        0xff3 build/default/debug/source/apiStartup.o
 .debug_info      0x00143c        0x227 build/default/debug/source/apiDelay.o
 .debug_info      0x001663        0x90e build/default/debug/source/apiTick.o
 .debug_info      0x001f71       0x32a1 build/default/debug/source/libModemUART.o
 .debug_info      0x005212       0x3e25 build/default/debug/source/apiModem.o
 .debug_info      0x009037        0xd47 build/default/debug/source/apiEEPROM.o
 .debug_info      0x009d7e        0x3f8 build/default/debug/source/apiHelpers.o
 .debug_info      0x00a176       0x14a1 build/default/debug/source/apiTask.o
 .debug_info      0x00b617       0x416a build/default/debug/source/apiModbus.o
 .debug_info      0x00f781        0xdd6 build/default/debug/source/libModbus.o
 .debug_info      0x010557        0xebc build/default/debug/source/libModbusUART.o
 .debug_info      0x011413        0x920 build/default/debug/source/cTimer.o
 .debug_info      0x011d33       0x124a build/default/debug/source/apiRTC.o
 .debug_info      0x012f7d        0x5fa build/default/debug/source/libI2C.o
 *(.gnu.linkonce.wi.*)

.debug_abbrev     0x000000       0x15e6
 *(.debug_abbrev)
 .debug_abbrev    0x000000         0xcf build/default/debug/source/main.o
 .debug_abbrev    0x0000cf         0xb8 build/default/debug/source/apiStartup.o
 .debug_abbrev    0x000187         0x68 build/default/debug/source/apiDelay.o
 .debug_abbrev    0x0001ef        0x1b6 build/default/debug/source/apiTick.o
 .debug_abbrev    0x0003a5        0x25f build/default/debug/source/libModemUART.o
 .debug_abbrev    0x000604        0x28c build/default/debug/source/apiModem.o
 .debug_abbrev    0x000890        0x14e build/default/debug/source/apiEEPROM.o
 .debug_abbrev    0x0009de         0x8f build/default/debug/source/apiHelpers.o
 .debug_abbrev    0x000a6d        0x1cf build/default/debug/source/apiTask.o
 .debug_abbrev    0x000c3c        0x250 build/default/debug/source/apiModbus.o
 .debug_abbrev    0x000e8c        0x20c build/default/debug/source/libModbus.o
 .debug_abbrev    0x001098        0x179 build/default/debug/source/libModbusUART.o
 .debug_abbrev    0x001211         0xda build/default/debug/source/cTimer.o
 .debug_abbrev    0x0012eb        0x203 build/default/debug/source/apiRTC.o
 .debug_abbrev    0x0014ee         0xf8 build/default/debug/source/libI2C.o

.debug_line       0x000000       0xb9a9
 *(.debug_line)
 .debug_line      0x000000        0x146 build/default/debug/source/main.o
 .debug_line      0x000146        0x239 build/default/debug/source/apiStartup.o
 .debug_line      0x00037f         0xea build/default/debug/source/apiDelay.o
 .debug_line      0x000469        0x2a0 build/default/debug/source/apiTick.o
 .debug_line      0x000709       0x1fa5 build/default/debug/source/libModemUART.o
 .debug_line      0x0026ae       0x2e4a build/default/debug/source/apiModem.o
 .debug_line      0x0054f8        0x9b2 build/default/debug/source/apiEEPROM.o
 .debug_line      0x005eaa        0x28e build/default/debug/source/apiHelpers.o
 .debug_line      0x006138        0x5a4 build/default/debug/source/apiTask.o
 .debug_line      0x0066dc       0x3526 build/default/debug/source/apiModbus.o
 .debug_line      0x009c02        0xba5 build/default/debug/source/libModbus.o
 .debug_line      0x00a7a7        0x21b build/default/debug/source/libModbusUART.o
 .debug_line      0x00a9c2        0x1c5 build/default/debug/source/cTimer.o
 .debug_line      0x00ab87        0xa6e build/default/debug/source/apiRTC.o
 .debug_line      0x00b5f5        0x3b4 build/default/debug/source/libI2C.o

.debug_frame      0x000000        0xe10
 *(.debug_frame)
 .debug_frame     0x000000         0x24 build/default/debug/source/main.o
 .debug_frame     0x000024         0x54 build/default/debug/source/apiStartup.o
 .debug_frame     0x000078         0x34 build/default/debug/source/apiDelay.o
 .debug_frame     0x0000ac         0x84 build/default/debug/source/apiTick.o
 .debug_frame     0x000130        0x184 build/default/debug/source/libModemUART.o
 .debug_frame     0x0002b4        0x1b4 build/default/debug/source/apiModem.o
 .debug_frame     0x000468        0x154 build/default/debug/source/apiEEPROM.o
 .debug_frame     0x0005bc         0x84 build/default/debug/source/apiHelpers.o
 .debug_frame     0x000640         0x94 build/default/debug/source/apiTask.o
 .debug_frame     0x0006d4        0x378 build/default/debug/source/apiModbus.o
 .debug_frame     0x000a4c         0xb4 build/default/debug/source/libModbus.o
 .debug_frame     0x000b00         0x44 build/default/debug/source/libModbusUART.o
 .debug_frame     0x000b44         0x34 build/default/debug/source/cTimer.o
 .debug_frame     0x000b78        0x234 build/default/debug/source/apiRTC.o
 .debug_frame     0x000dac         0x64 build/default/debug/source/libI2C.o

.debug_str        0x000000       0x11c9
 *(.debug_str)
 .debug_str       0x000000         0x13 build/default/debug/source/main.o
 .debug_str       0x000013         0x67 build/default/debug/source/apiStartup.o
 .debug_str       0x00007a         0x25 build/default/debug/source/apiTick.o
 .debug_str       0x00009f        0x128 build/default/debug/source/libModemUART.o
 .debug_str       0x0001c7        0x6ad build/default/debug/source/apiModem.o
 .debug_str       0x000874         0xb7 build/default/debug/source/apiEEPROM.o
 .debug_str       0x00092b         0x7b build/default/debug/source/apiTask.o
 .debug_str       0x0009a6        0x5d7 build/default/debug/source/apiModbus.o
 .debug_str       0x000f7d         0xf0 build/default/debug/source/libModbus.o
 .debug_str       0x00106d         0x54 build/default/debug/source/libModbusUART.o
 .debug_str       0x0010c1         0x65 build/default/debug/source/cTimer.o
 .debug_str       0x001126         0x6b build/default/debug/source/apiRTC.o
 .debug_str       0x001191         0x38 build/default/debug/source/libI2C.o

.debug_loc
 *(.debug_loc)

.debug_macinfo
 *(.debug_macinfo)

.debug_pubnames
                  0x000000       0x1ec5
 *(.debug_pubnames)
 .debug_pubnames
                  0x000000         0x1b build/default/debug/source/main.o
 .debug_pubnames
                  0x00001b         0x4c build/default/debug/source/apiStartup.o
 .debug_pubnames
                  0x000067         0x2c build/default/debug/source/apiDelay.o
 .debug_pubnames
                  0x000093         0x80 build/default/debug/source/apiTick.o
 .debug_pubnames
                  0x000113        0x3b2 build/default/debug/source/libModemUART.o
 .debug_pubnames
                  0x0004c5        0x86e build/default/debug/source/apiModem.o
 .debug_pubnames
                  0x000d33        0x27e build/default/debug/source/apiEEPROM.o
 .debug_pubnames
                  0x000fb1         0x8c build/default/debug/source/apiHelpers.o
 .debug_pubnames
                  0x00103d         0xf8 build/default/debug/source/apiTask.o
 .debug_pubnames
                  0x001135        0x8b3 build/default/debug/source/apiModbus.o
 .debug_pubnames
                  0x0019e8        0x121 build/default/debug/source/libModbus.o
 .debug_pubnames
                  0x001b09         0x83 build/default/debug/source/libModbusUART.o
 .debug_pubnames
                  0x001b8c         0x82 build/default/debug/source/cTimer.o
 .debug_pubnames
                  0x001c0e        0x24d build/default/debug/source/apiRTC.o
 .debug_pubnames
                  0x001e5b         0x6a build/default/debug/source/libI2C.o

.debug_ranges
 *(.debug_ranges)

.debug_aranges    0x000000        0x168
 *(.debug_aranges)
 .debug_aranges
                  0x000000         0x18 build/default/debug/source/main.o
 .debug_aranges
                  0x000018         0x18 build/default/debug/source/apiStartup.o
 .debug_aranges
                  0x000030         0x18 build/default/debug/source/apiDelay.o
 .debug_aranges
                  0x000048         0x18 build/default/debug/source/apiTick.o
 .debug_aranges
                  0x000060         0x18 build/default/debug/source/libModemUART.o
 .debug_aranges
                  0x000078         0x18 build/default/debug/source/apiModem.o
 .debug_aranges
                  0x000090         0x18 build/default/debug/source/apiEEPROM.o
 .debug_aranges
                  0x0000a8         0x18 build/default/debug/source/apiHelpers.o
 .debug_aranges
                  0x0000c0         0x18 build/default/debug/source/apiTask.o
 .debug_aranges
                  0x0000d8         0x18 build/default/debug/source/apiModbus.o
 .debug_aranges
                  0x0000f0         0x18 build/default/debug/source/libModbus.o
 .debug_aranges
                  0x000108         0x18 build/default/debug/source/libModbusUART.o
 .debug_aranges
                  0x000120         0x18 build/default/debug/source/cTimer.o
 .debug_aranges
                  0x000138         0x18 build/default/debug/source/apiRTC.o
 .debug_aranges
                  0x000150         0x18 build/default/debug/source/libI2C.o

.ivt              0x000004        0x13e
                  0x000004          0x4 LONG 0x3ba DEFINED (__OscillatorFail)?ABSOLUTE (__OscillatorFail):ABSOLUTE (__DefaultInterrupt)
                  0x000006          0x4 LONG 0x3ba DEFINED (__AddressError)?ABSOLUTE (__AddressError):ABSOLUTE (__DefaultInterrupt)
                  0x000008          0x4 LONG 0x3ba DEFINED (__HardTrapError)?ABSOLUTE (__HardTrapError):ABSOLUTE (__DefaultInterrupt)
                  0x00000a          0x4 LONG 0x3ba DEFINED (__StackError)?ABSOLUTE (__StackError):ABSOLUTE (__DefaultInterrupt)
                  0x00000c          0x4 LONG 0x3ba DEFINED (__MathError)?ABSOLUTE (__MathError):ABSOLUTE (__DefaultInterrupt)
                  0x00000e          0x4 LONG 0x3ba DEFINED (__DMACError)?ABSOLUTE (__DMACError):ABSOLUTE (__DefaultInterrupt)
                  0x000010          0x4 LONG 0x3ba DEFINED (__SoftTrapError)?ABSOLUTE (__SoftTrapError):ABSOLUTE (__DefaultInterrupt)
                  0x000012          0x4 LONG 0x3ba DEFINED (__ReservedTrap7)?ABSOLUTE (__ReservedTrap7):ABSOLUTE (__DefaultInterrupt)
                  0x000014          0x4 LONG 0xdb70 DEFINED (__INT0Interrupt)?ABSOLUTE (__INT0Interrupt):ABSOLUTE (__DefaultInterrupt)
                  0x000016          0x4 LONG 0x3ba DEFINED (__IC1Interrupt)?ABSOLUTE (__IC1Interrupt):ABSOLUTE (__DefaultInterrupt)
                  0x000018          0x4 LONG 0x3ba DEFINED (__OC1Interrupt)?ABSOLUTE (__OC1Interrupt):ABSOLUTE (__DefaultInterrupt)
                  0x00001a          0x4 LONG 0xe2c6 DEFINED (__T1Interrupt)?ABSOLUTE (__T1Interrupt):ABSOLUTE (__DefaultInterrupt)
                  0x00001c          0x4 LONG 0x3ba DEFINED (__DMA0Interrupt)?ABSOLUTE (__DMA0Interrupt):ABSOLUTE (__DefaultInterrupt)
                  0x00001e          0x4 LONG 0x3ba DEFINED (__IC2Interrupt)?ABSOLUTE (__IC2Interrupt):ABSOLUTE (__DefaultInterrupt)
                  0x000020          0x4 LONG 0x3ba DEFINED (__OC2Interrupt)?ABSOLUTE (__OC2Interrupt):ABSOLUTE (__DefaultInterrupt)
                  0x000022          0x4 LONG 0x3ba DEFINED (__T2Interrupt)?ABSOLUTE (__T2Interrupt):ABSOLUTE (__DefaultInterrupt)
                  0x000024          0x4 LONG 0xb940 DEFINED (__T3Interrupt)?ABSOLUTE (__T3Interrupt):ABSOLUTE (__DefaultInterrupt)
                  0x000026          0x4 LONG 0x3ba DEFINED (__SPI1ErrInterrupt)?ABSOLUTE (__SPI1ErrInterrupt):ABSOLUTE (__DefaultInterrupt)
                  0x000028          0x4 LONG 0x3ba DEFINED (__SPI1Interrupt)?ABSOLUTE (__SPI1Interrupt):ABSOLUTE (__DefaultInterrupt)
                  0x00002a          0x4 LONG 0xb994 DEFINED (__U1RXInterrupt)?ABSOLUTE (__U1RXInterrupt):ABSOLUTE (__DefaultInterrupt)
                  0x00002c          0x4 LONG 0xb96e DEFINED (__U1TXInterrupt)?ABSOLUTE (__U1TXInterrupt):ABSOLUTE (__DefaultInterrupt)
                  0x00002e          0x4 LONG 0x3ba DEFINED (__AD1Interrupt)?ABSOLUTE (__AD1Interrupt):ABSOLUTE (__DefaultInterrupt)
                  0x000030          0x4 LONG 0x3ba DEFINED (__DMA1Interrupt)?ABSOLUTE (__DMA1Interrupt):ABSOLUTE (__DefaultInterrupt)
                  0x000032          0x4 LONG 0x3ba DEFINED (__Interrupt15)?ABSOLUTE (__Interrupt15):ABSOLUTE (__DefaultInterrupt)
                  0x000034          0x4 LONG 0x3ba DEFINED (__SI2C1Interrupt)?ABSOLUTE (__SI2C1Interrupt):ABSOLUTE (__DefaultInterrupt)
                  0x000036          0x4 LONG 0x3ba DEFINED (__MI2C1Interrupt)?ABSOLUTE (__MI2C1Interrupt):ABSOLUTE (__DefaultInterrupt)
                  0x000038          0x4 LONG 0x3ba DEFINED (__CM1Interrupt)?ABSOLUTE (__CM1Interrupt):ABSOLUTE (__DefaultInterrupt)
                  0x00003a          0x4 LONG 0x3ba DEFINED (__CNInterrupt)?ABSOLUTE (__CNInterrupt):ABSOLUTE (__DefaultInterrupt)
                  0x00003c          0x4 LONG 0x3ba DEFINED (__INT1Interrupt)?ABSOLUTE (__INT1Interrupt):ABSOLUTE (__DefaultInterrupt)
                  0x00003e          0x4 LONG 0x3ba DEFINED (__Interrupt21)?ABSOLUTE (__Interrupt21):ABSOLUTE (__DefaultInterrupt)
                  0x000040          0x4 LONG 0x3ba DEFINED (__Interrupt22)?ABSOLUTE (__Interrupt22):ABSOLUTE (__DefaultInterrupt)
                  0x000042          0x4 LONG 0x3ba DEFINED (__Interrupt23)?ABSOLUTE (__Interrupt23):ABSOLUTE (__DefaultInterrupt)
                  0x000044          0x4 LONG 0x3ba DEFINED (__DMA2Interrupt)?ABSOLUTE (__DMA2Interrupt):ABSOLUTE (__DefaultInterrupt)
                  0x000046          0x4 LONG 0x3ba DEFINED (__OC3Interrupt)?ABSOLUTE (__OC3Interrupt):ABSOLUTE (__DefaultInterrupt)
                  0x000048          0x4 LONG 0x3ba DEFINED (__OC4Interrupt)?ABSOLUTE (__OC4Interrupt):ABSOLUTE (__DefaultInterrupt)
                  0x00004a          0x4 LONG 0x3ba DEFINED (__T4Interrupt)?ABSOLUTE (__T4Interrupt):ABSOLUTE (__DefaultInterrupt)
                  0x00004c          0x4 LONG 0xe31e DEFINED (__T5Interrupt)?ABSOLUTE (__T5Interrupt):ABSOLUTE (__DefaultInterrupt)
                  0x00004e          0x4 LONG 0x3ba DEFINED (__INT2Interrupt)?ABSOLUTE (__INT2Interrupt):ABSOLUTE (__DefaultInterrupt)
                  0x000050          0x4 LONG 0x2d2 DEFINED (__U2RXInterrupt)?ABSOLUTE (__U2RXInterrupt):ABSOLUTE (__DefaultInterrupt)
                  0x000052          0x4 LONG 0x3ba DEFINED (__U2TXInterrupt)?ABSOLUTE (__U2TXInterrupt):ABSOLUTE (__DefaultInterrupt)
                  0x000054          0x4 LONG 0x3ba DEFINED (__SPI2ErrInterrupt)?ABSOLUTE (__SPI2ErrInterrupt):ABSOLUTE (__DefaultInterrupt)
                  0x000056          0x4 LONG 0x3ba DEFINED (__SPI2Interrupt)?ABSOLUTE (__SPI2Interrupt):ABSOLUTE (__DefaultInterrupt)
                  0x000058          0x4 LONG 0x3ba DEFINED (__Interrupt34)?ABSOLUTE (__Interrupt34):ABSOLUTE (__DefaultInterrupt)
                  0x00005a          0x4 LONG 0x3ba DEFINED (__Interrupt35)?ABSOLUTE (__Interrupt35):ABSOLUTE (__DefaultInterrupt)
                  0x00005c          0x4 LONG 0x3ba DEFINED (__DMA3Interrupt)?ABSOLUTE (__DMA3Interrupt):ABSOLUTE (__DefaultInterrupt)
                  0x00005e          0x4 LONG 0x3ba DEFINED (__IC3Interrupt)?ABSOLUTE (__IC3Interrupt):ABSOLUTE (__DefaultInterrupt)
                  0x000060          0x4 LONG 0x3ba DEFINED (__IC4Interrupt)?ABSOLUTE (__IC4Interrupt):ABSOLUTE (__DefaultInterrupt)
                  0x000062          0x4 LONG 0x3ba DEFINED (__Interrupt39)?ABSOLUTE (__Interrupt39):ABSOLUTE (__DefaultInterrupt)
                  0x000064          0x4 LONG 0x3ba DEFINED (__Interrupt40)?ABSOLUTE (__Interrupt40):ABSOLUTE (__DefaultInterrupt)
                  0x000066          0x4 LONG 0x3ba DEFINED (__Interrupt41)?ABSOLUTE (__Interrupt41):ABSOLUTE (__DefaultInterrupt)
                  0x000068          0x4 LONG 0x3ba DEFINED (__Interrupt42)?ABSOLUTE (__Interrupt42):ABSOLUTE (__DefaultInterrupt)
                  0x00006a          0x4 LONG 0x3ba DEFINED (__Interrupt43)?ABSOLUTE (__Interrupt43):ABSOLUTE (__DefaultInterrupt)
                  0x00006c          0x4 LONG 0x3ba DEFINED (__Interrupt44)?ABSOLUTE (__Interrupt44):ABSOLUTE (__DefaultInterrupt)
                  0x00006e          0x4 LONG 0x3ba DEFINED (__Interrupt45)?ABSOLUTE (__Interrupt45):ABSOLUTE (__DefaultInterrupt)
                  0x000070          0x4 LONG 0x3ba DEFINED (__Interrupt46)?ABSOLUTE (__Interrupt46):ABSOLUTE (__DefaultInterrupt)
                  0x000072          0x4 LONG 0x3ba DEFINED (__Interrupt47)?ABSOLUTE (__Interrupt47):ABSOLUTE (__DefaultInterrupt)
                  0x000074          0x4 LONG 0x3ba DEFINED (__Interrupt48)?ABSOLUTE (__Interrupt48):ABSOLUTE (__DefaultInterrupt)
                  0x000076          0x4 LONG 0x3ba DEFINED (__SI2C2Interrupt)?ABSOLUTE (__SI2C2Interrupt):ABSOLUTE (__DefaultInterrupt)
                  0x000078          0x4 LONG 0x3ba DEFINED (__MI2C2Interrupt)?ABSOLUTE (__MI2C2Interrupt):ABSOLUTE (__DefaultInterrupt)
                  0x00007a          0x4 LONG 0x3ba DEFINED (__Interrupt51)?ABSOLUTE (__Interrupt51):ABSOLUTE (__DefaultInterrupt)
                  0x00007c          0x4 LONG 0x3ba DEFINED (__Interrupt52)?ABSOLUTE (__Interrupt52):ABSOLUTE (__DefaultInterrupt)
                  0x00007e          0x4 LONG 0x3ba DEFINED (__Interrupt53)?ABSOLUTE (__Interrupt53):ABSOLUTE (__DefaultInterrupt)
                  0x000080          0x4 LONG 0x3ba DEFINED (__Interrupt54)?ABSOLUTE (__Interrupt54):ABSOLUTE (__DefaultInterrupt)
                  0x000082          0x4 LONG 0x3ba DEFINED (__Interrupt55)?ABSOLUTE (__Interrupt55):ABSOLUTE (__DefaultInterrupt)
                  0x000084          0x4 LONG 0x3ba DEFINED (__Interrupt56)?ABSOLUTE (__Interrupt56):ABSOLUTE (__DefaultInterrupt)
                  0x000086          0x4 LONG 0x3ba DEFINED (__Interrupt57)?ABSOLUTE (__Interrupt57):ABSOLUTE (__DefaultInterrupt)
                  0x000088          0x4 LONG 0x3ba DEFINED (__QEI1Interrupt)?ABSOLUTE (__QEI1Interrupt):ABSOLUTE (__DefaultInterrupt)
                  0x00008a          0x4 LONG 0x3ba DEFINED (__Interrupt59)?ABSOLUTE (__Interrupt59):ABSOLUTE (__DefaultInterrupt)
                  0x00008c          0x4 LONG 0x3ba DEFINED (__Interrupt60)?ABSOLUTE (__Interrupt60):ABSOLUTE (__DefaultInterrupt)
                  0x00008e          0x4 LONG 0x3ba DEFINED (__Interrupt61)?ABSOLUTE (__Interrupt61):ABSOLUTE (__DefaultInterrupt)
                  0x000090          0x4 LONG 0x3ba DEFINED (__Interrupt62)?ABSOLUTE (__Interrupt62):ABSOLUTE (__DefaultInterrupt)
                  0x000092          0x4 LONG 0x3ba DEFINED (__Interrupt63)?ABSOLUTE (__Interrupt63):ABSOLUTE (__DefaultInterrupt)
                  0x000094          0x4 LONG 0x3ba DEFINED (__Interrupt64)?ABSOLUTE (__Interrupt64):ABSOLUTE (__DefaultInterrupt)
                  0x000096          0x4 LONG 0xb98a DEFINED (__U1ErrInterrupt)?ABSOLUTE (__U1ErrInterrupt):ABSOLUTE (__DefaultInterrupt)
                  0x000098          0x4 LONG 0x3ba DEFINED (__U2ErrInterrupt)?ABSOLUTE (__U2ErrInterrupt):ABSOLUTE (__DefaultInterrupt)
                  0x00009a          0x4 LONG 0x3ba DEFINED (__CRCInterrupt)?ABSOLUTE (__CRCInterrupt):ABSOLUTE (__DefaultInterrupt)
                  0x00009c          0x4 LONG 0x3ba DEFINED (__Interrupt68)?ABSOLUTE (__Interrupt68):ABSOLUTE (__DefaultInterrupt)
                  0x00009e          0x4 LONG 0x3ba DEFINED (__Interrupt69)?ABSOLUTE (__Interrupt69):ABSOLUTE (__DefaultInterrupt)
                  0x0000a0          0x4 LONG 0x3ba DEFINED (__Interrupt70)?ABSOLUTE (__Interrupt70):ABSOLUTE (__DefaultInterrupt)
                  0x0000a2          0x4 LONG 0x3ba DEFINED (__Interrupt71)?ABSOLUTE (__Interrupt71):ABSOLUTE (__DefaultInterrupt)
                  0x0000a4          0x4 LONG 0x3ba DEFINED (__Interrupt72)?ABSOLUTE (__Interrupt72):ABSOLUTE (__DefaultInterrupt)
                  0x0000a6          0x4 LONG 0x3ba DEFINED (__Interrupt73)?ABSOLUTE (__Interrupt73):ABSOLUTE (__DefaultInterrupt)
                  0x0000a8          0x4 LONG 0x3ba DEFINED (__Interrupt74)?ABSOLUTE (__Interrupt74):ABSOLUTE (__DefaultInterrupt)
                  0x0000aa          0x4 LONG 0x3ba DEFINED (__Interrupt75)?ABSOLUTE (__Interrupt75):ABSOLUTE (__DefaultInterrupt)
                  0x0000ac          0x4 LONG 0x3ba DEFINED (__Interrupt76)?ABSOLUTE (__Interrupt76):ABSOLUTE (__DefaultInterrupt)
                  0x0000ae          0x4 LONG 0x3ba DEFINED (__CTMUInterrupt)?ABSOLUTE (__CTMUInterrupt):ABSOLUTE (__DefaultInterrupt)
                  0x0000b0          0x4 LONG 0x3ba DEFINED (__Interrupt78)?ABSOLUTE (__Interrupt78):ABSOLUTE (__DefaultInterrupt)
                  0x0000b2          0x4 LONG 0x3ba DEFINED (__Interrupt79)?ABSOLUTE (__Interrupt79):ABSOLUTE (__DefaultInterrupt)
                  0x0000b4          0x4 LONG 0x3ba DEFINED (__Interrupt80)?ABSOLUTE (__Interrupt80):ABSOLUTE (__DefaultInterrupt)
                  0x0000b6          0x4 LONG 0x3ba DEFINED (__Interrupt81)?ABSOLUTE (__Interrupt81):ABSOLUTE (__DefaultInterrupt)
                  0x0000b8          0x4 LONG 0x3ba DEFINED (__Interrupt82)?ABSOLUTE (__Interrupt82):ABSOLUTE (__DefaultInterrupt)
                  0x0000ba          0x4 LONG 0x3ba DEFINED (__Interrupt83)?ABSOLUTE (__Interrupt83):ABSOLUTE (__DefaultInterrupt)
                  0x0000bc          0x4 LONG 0x3ba DEFINED (__Interrupt84)?ABSOLUTE (__Interrupt84):ABSOLUTE (__DefaultInterrupt)
                  0x0000be          0x4 LONG 0x3ba DEFINED (__Interrupt85)?ABSOLUTE (__Interrupt85):ABSOLUTE (__DefaultInterrupt)
                  0x0000c0          0x4 LONG 0x3ba DEFINED (__Interrupt86)?ABSOLUTE (__Interrupt86):ABSOLUTE (__DefaultInterrupt)
                  0x0000c2          0x4 LONG 0x3ba DEFINED (__Interrupt87)?ABSOLUTE (__Interrupt87):ABSOLUTE (__DefaultInterrupt)
                  0x0000c4          0x4 LONG 0x3ba DEFINED (__Interrupt88)?ABSOLUTE (__Interrupt88):ABSOLUTE (__DefaultInterrupt)
                  0x0000c6          0x4 LONG 0x3ba DEFINED (__Interrupt89)?ABSOLUTE (__Interrupt89):ABSOLUTE (__DefaultInterrupt)
                  0x0000c8          0x4 LONG 0x3ba DEFINED (__Interrupt90)?ABSOLUTE (__Interrupt90):ABSOLUTE (__DefaultInterrupt)
                  0x0000ca          0x4 LONG 0x3ba DEFINED (__Interrupt91)?ABSOLUTE (__Interrupt91):ABSOLUTE (__DefaultInterrupt)
                  0x0000cc          0x4 LONG 0x3ba DEFINED (__Interrupt92)?ABSOLUTE (__Interrupt92):ABSOLUTE (__DefaultInterrupt)
                  0x0000ce          0x4 LONG 0x3ba DEFINED (__Interrupt93)?ABSOLUTE (__Interrupt93):ABSOLUTE (__DefaultInterrupt)
                  0x0000d0          0x4 LONG 0x3ba DEFINED (__Interrupt94)?ABSOLUTE (__Interrupt94):ABSOLUTE (__DefaultInterrupt)
                  0x0000d2          0x4 LONG 0x3ba DEFINED (__Interrupt95)?ABSOLUTE (__Interrupt95):ABSOLUTE (__DefaultInterrupt)
                  0x0000d4          0x4 LONG 0x3ba DEFINED (__Interrupt96)?ABSOLUTE (__Interrupt96):ABSOLUTE (__DefaultInterrupt)
                  0x0000d6          0x4 LONG 0x3ba DEFINED (__Interrupt97)?ABSOLUTE (__Interrupt97):ABSOLUTE (__DefaultInterrupt)
                  0x0000d8          0x4 LONG 0x3ba DEFINED (__Interrupt98)?ABSOLUTE (__Interrupt98):ABSOLUTE (__DefaultInterrupt)
                  0x0000da          0x4 LONG 0x3ba DEFINED (__Interrupt99)?ABSOLUTE (__Interrupt99):ABSOLUTE (__DefaultInterrupt)
                  0x0000dc          0x4 LONG 0x3ba DEFINED (__Interrupt100)?ABSOLUTE (__Interrupt100):ABSOLUTE (__DefaultInterrupt)
                  0x0000de          0x4 LONG 0x3ba DEFINED (__Interrupt101)?ABSOLUTE (__Interrupt101):ABSOLUTE (__DefaultInterrupt)
                  0x0000e0          0x4 LONG 0x3ba DEFINED (__Interrupt102)?ABSOLUTE (__Interrupt102):ABSOLUTE (__DefaultInterrupt)
                  0x0000e2          0x4 LONG 0x3ba DEFINED (__Interrupt103)?ABSOLUTE (__Interrupt103):ABSOLUTE (__DefaultInterrupt)
                  0x0000e4          0x4 LONG 0x3ba DEFINED (__Interrupt104)?ABSOLUTE (__Interrupt104):ABSOLUTE (__DefaultInterrupt)
                  0x0000e6          0x4 LONG 0x3ba DEFINED (__Interrupt105)?ABSOLUTE (__Interrupt105):ABSOLUTE (__DefaultInterrupt)
                  0x0000e8          0x4 LONG 0x3ba DEFINED (__Interrupt106)?ABSOLUTE (__Interrupt106):ABSOLUTE (__DefaultInterrupt)
                  0x0000ea          0x4 LONG 0x3ba DEFINED (__Interrupt107)?ABSOLUTE (__Interrupt107):ABSOLUTE (__DefaultInterrupt)
                  0x0000ec          0x4 LONG 0x3ba DEFINED (__Interrupt108)?ABSOLUTE (__Interrupt108):ABSOLUTE (__DefaultInterrupt)
                  0x0000ee          0x4 LONG 0x3ba DEFINED (__Interrupt109)?ABSOLUTE (__Interrupt109):ABSOLUTE (__DefaultInterrupt)
                  0x0000f0          0x4 LONG 0x3ba DEFINED (__Interrupt110)?ABSOLUTE (__Interrupt110):ABSOLUTE (__DefaultInterrupt)
                  0x0000f2          0x4 LONG 0x3ba DEFINED (__Interrupt111)?ABSOLUTE (__Interrupt111):ABSOLUTE (__DefaultInterrupt)
                  0x0000f4          0x4 LONG 0x3ba DEFINED (__Interrupt112)?ABSOLUTE (__Interrupt112):ABSOLUTE (__DefaultInterrupt)
                  0x0000f6          0x4 LONG 0x3ba DEFINED (__Interrupt113)?ABSOLUTE (__Interrupt113):ABSOLUTE (__DefaultInterrupt)
                  0x0000f8          0x4 LONG 0x3ba DEFINED (__Interrupt114)?ABSOLUTE (__Interrupt114):ABSOLUTE (__DefaultInterrupt)
                  0x0000fa          0x4 LONG 0x3ba DEFINED (__Interrupt115)?ABSOLUTE (__Interrupt115):ABSOLUTE (__DefaultInterrupt)
                  0x0000fc          0x4 LONG 0x3ba DEFINED (__Interrupt116)?ABSOLUTE (__Interrupt116):ABSOLUTE (__DefaultInterrupt)
                  0x0000fe          0x4 LONG 0x3ba DEFINED (__Interrupt117)?ABSOLUTE (__Interrupt117):ABSOLUTE (__DefaultInterrupt)
                  0x000100          0x4 LONG 0x3ba DEFINED (__Interrupt118)?ABSOLUTE (__Interrupt118):ABSOLUTE (__DefaultInterrupt)
                  0x000102          0x4 LONG 0x3ba DEFINED (__Interrupt119)?ABSOLUTE (__Interrupt119):ABSOLUTE (__DefaultInterrupt)
                  0x000104          0x4 LONG 0x3ba DEFINED (__Interrupt120)?ABSOLUTE (__Interrupt120):ABSOLUTE (__DefaultInterrupt)
                  0x000106          0x4 LONG 0x3ba DEFINED (__Interrupt121)?ABSOLUTE (__Interrupt121):ABSOLUTE (__DefaultInterrupt)
                  0x000108          0x4 LONG 0x3ba DEFINED (__Interrupt122)?ABSOLUTE (__Interrupt122):ABSOLUTE (__DefaultInterrupt)
                  0x00010a          0x4 LONG 0x3ba DEFINED (__Interrupt123)?ABSOLUTE (__Interrupt123):ABSOLUTE (__DefaultInterrupt)
                  0x00010c          0x4 LONG 0x3ba DEFINED (__Interrupt124)?ABSOLUTE (__Interrupt124):ABSOLUTE (__DefaultInterrupt)
                  0x00010e          0x4 LONG 0x3ba DEFINED (__Interrupt125)?ABSOLUTE (__Interrupt125):ABSOLUTE (__DefaultInterrupt)
                  0x000110          0x4 LONG 0x3ba DEFINED (__Interrupt126)?ABSOLUTE (__Interrupt126):ABSOLUTE (__DefaultInterrupt)
                  0x000112          0x4 LONG 0x3ba DEFINED (__Interrupt127)?ABSOLUTE (__Interrupt127):ABSOLUTE (__DefaultInterrupt)
                  0x000114          0x4 LONG 0x3ba DEFINED (__Interrupt128)?ABSOLUTE (__Interrupt128):ABSOLUTE (__DefaultInterrupt)
                  0x000116          0x4 LONG 0x3ba DEFINED (__Interrupt129)?ABSOLUTE (__Interrupt129):ABSOLUTE (__DefaultInterrupt)
                  0x000118          0x4 LONG 0x3ba DEFINED (__Interrupt130)?ABSOLUTE (__Interrupt130):ABSOLUTE (__DefaultInterrupt)
                  0x00011a          0x4 LONG 0x3ba DEFINED (__Interrupt131)?ABSOLUTE (__Interrupt131):ABSOLUTE (__DefaultInterrupt)
                  0x00011c          0x4 LONG 0x3ba DEFINED (__Interrupt132)?ABSOLUTE (__Interrupt132):ABSOLUTE (__DefaultInterrupt)
                  0x00011e          0x4 LONG 0x3ba DEFINED (__Interrupt133)?ABSOLUTE (__Interrupt133):ABSOLUTE (__DefaultInterrupt)
                  0x000120          0x4 LONG 0x3ba DEFINED (__Interrupt134)?ABSOLUTE (__Interrupt134):ABSOLUTE (__DefaultInterrupt)
                  0x000122          0x4 LONG 0x3ba DEFINED (__Interrupt135)?ABSOLUTE (__Interrupt135):ABSOLUTE (__DefaultInterrupt)
                  0x000124          0x4 LONG 0x3ba DEFINED (__Interrupt136)?ABSOLUTE (__Interrupt136):ABSOLUTE (__DefaultInterrupt)
                  0x000126          0x4 LONG 0x3ba DEFINED (__Interrupt137)?ABSOLUTE (__Interrupt137):ABSOLUTE (__DefaultInterrupt)
                  0x000128          0x4 LONG 0x3ba DEFINED (__Interrupt138)?ABSOLUTE (__Interrupt138):ABSOLUTE (__DefaultInterrupt)
                  0x00012a          0x4 LONG 0x3ba DEFINED (__Interrupt139)?ABSOLUTE (__Interrupt139):ABSOLUTE (__DefaultInterrupt)
                  0x00012c          0x4 LONG 0x3ba DEFINED (__Interrupt140)?ABSOLUTE (__Interrupt140):ABSOLUTE (__DefaultInterrupt)
                  0x00012e          0x4 LONG 0x3ba DEFINED (__Interrupt141)?ABSOLUTE (__Interrupt141):ABSOLUTE (__DefaultInterrupt)
                  0x000130          0x4 LONG 0x3ba DEFINED (__ICDInterrupt)?ABSOLUTE (__ICDInterrupt):ABSOLUTE (__DefaultInterrupt)
                  0x000132          0x4 LONG 0x3ba DEFINED (__JTAGInterrupt)?ABSOLUTE (__JTAGInterrupt):ABSOLUTE (__DefaultInterrupt)
                  0x000134          0x4 LONG 0x3ba DEFINED (__Interrupt144)?ABSOLUTE (__Interrupt144):ABSOLUTE (__DefaultInterrupt)
                  0x000136          0x4 LONG 0x3ba DEFINED (__PTGSTEPInterrupt)?ABSOLUTE (__PTGSTEPInterrupt):ABSOLUTE (__DefaultInterrupt)
                  0x000138          0x4 LONG 0x3ba DEFINED (__PTGWDTInterrupt)?ABSOLUTE (__PTGWDTInterrupt):ABSOLUTE (__DefaultInterrupt)
                  0x00013a          0x4 LONG 0x3ba DEFINED (__PTG0Interrupt)?ABSOLUTE (__PTG0Interrupt):ABSOLUTE (__DefaultInterrupt)
                  0x00013c          0x4 LONG 0x3ba DEFINED (__PTG1Interrupt)?ABSOLUTE (__PTG1Interrupt):ABSOLUTE (__DefaultInterrupt)
                  0x00013e          0x4 LONG 0x3ba DEFINED (__PTG2Interrupt)?ABSOLUTE (__PTG2Interrupt):ABSOLUTE (__DefaultInterrupt)
                  0x000140          0x4 LONG 0x3ba DEFINED (__PTG3Interrupt)?ABSOLUTE (__PTG3Interrupt):ABSOLUTE (__DefaultInterrupt)
                    0x0000                  WREG0 = 0x0
                    0x0000                  _WREG0 = 0x0
                    0x0002                  WREG1 = 0x2
                    0x0002                  _WREG1 = 0x2
                    0x0004                  WREG2 = 0x4
                    0x0004                  _WREG2 = 0x4
                    0x0006                  WREG3 = 0x6
                    0x0006                  _WREG3 = 0x6
                    0x0008                  WREG4 = 0x8
                    0x0008                  _WREG4 = 0x8
                    0x000a                  WREG5 = 0xa
                    0x000a                  _WREG5 = 0xa
                    0x000c                  WREG6 = 0xc
                    0x000c                  _WREG6 = 0xc
                    0x000e                  WREG7 = 0xe
                    0x000e                  _WREG7 = 0xe
                    0x0010                  WREG8 = 0x10
                    0x0010                  _WREG8 = 0x10
                    0x0012                  WREG9 = 0x12
                    0x0012                  _WREG9 = 0x12
                    0x0014                  WREG10 = 0x14
                    0x0014                  _WREG10 = 0x14
                    0x0016                  WREG11 = 0x16
                    0x0016                  _WREG11 = 0x16
                    0x0018                  WREG12 = 0x18
                    0x0018                  _WREG12 = 0x18
                    0x001a                  WREG13 = 0x1a
                    0x001a                  _WREG13 = 0x1a
                    0x001c                  WREG14 = 0x1c
                    0x001c                  _WREG14 = 0x1c
                    0x001e                  WREG15 = 0x1e
                    0x001e                  _WREG15 = 0x1e
                    0x0020                  SPLIM = 0x20
                    0x0020                  _SPLIM = 0x20
                    0x002e                  PCL = 0x2e
                    0x002e                  _PCL = 0x2e
                    0x0030                  PCH = 0x30
                    0x0030                  _PCH = 0x30
                    0x0032                  DSRPAG = 0x32
                    0x0032                  _DSRPAG = 0x32
                    0x0032                  _DSRPAGbits = 0x32
                    0x0034                  DSWPAG = 0x34
                    0x0034                  _DSWPAG = 0x34
                    0x0034                  _DSWPAGbits = 0x34
                    0x0036                  RCOUNT = 0x36
                    0x0036                  _RCOUNT = 0x36
                    0x0042                  SR = 0x42
                    0x0042                  _SR = 0x42
                    0x0042                  _SRbits = 0x42
                    0x0044                  CORCON = 0x44
                    0x0044                  _CORCON = 0x44
                    0x0044                  _CORCONbits = 0x44
                    0x0052                  DISICNT = 0x52
                    0x0052                  _DISICNT = 0x52
                    0x0054                  TBLPAG = 0x54
                    0x0054                  _TBLPAG = 0x54
                    0x0054                  _TBLPAGbits = 0x54
                    0x0058                  MSTRPR = 0x58
                    0x0058                  _MSTRPR = 0x58
                    0x0100                  TMR1 = 0x100
                    0x0100                  _TMR1 = 0x100
                    0x0102                  PR1 = 0x102
                    0x0102                  _PR1 = 0x102
                    0x0104                  T1CON = 0x104
                    0x0104                  _T1CON = 0x104
                    0x0104                  _T1CONbits = 0x104
                    0x0106                  TMR2 = 0x106
                    0x0106                  _TMR2 = 0x106
                    0x0108                  TMR3HLD = 0x108
                    0x0108                  _TMR3HLD = 0x108
                    0x010a                  TMR3 = 0x10a
                    0x010a                  _TMR3 = 0x10a
                    0x010c                  PR2 = 0x10c
                    0x010c                  _PR2 = 0x10c
                    0x010e                  PR3 = 0x10e
                    0x010e                  _PR3 = 0x10e
                    0x0110                  T2CON = 0x110
                    0x0110                  _T2CON = 0x110
                    0x0110                  _T2CONbits = 0x110
                    0x0112                  T3CON = 0x112
                    0x0112                  _T3CON = 0x112
                    0x0112                  _T3CONbits = 0x112
                    0x0114                  TMR4 = 0x114
                    0x0114                  _TMR4 = 0x114
                    0x0116                  TMR5HLD = 0x116
                    0x0116                  _TMR5HLD = 0x116
                    0x0118                  TMR5 = 0x118
                    0x0118                  _TMR5 = 0x118
                    0x011a                  PR4 = 0x11a
                    0x011a                  _PR4 = 0x11a
                    0x011c                  PR5 = 0x11c
                    0x011c                  _PR5 = 0x11c
                    0x011e                  T4CON = 0x11e
                    0x011e                  _T4CON = 0x11e
                    0x011e                  _T4CONbits = 0x11e
                    0x0120                  T5CON = 0x120
                    0x0120                  _T5CON = 0x120
                    0x0120                  _T5CONbits = 0x120
                    0x0140                  IC1CON1 = 0x140
                    0x0140                  _IC1CON1 = 0x140
                    0x0140                  _IC1CON1bits = 0x140
                    0x0142                  IC1CON2 = 0x142
                    0x0142                  _IC1CON2 = 0x142
                    0x0142                  _IC1CON2bits = 0x142
                    0x0144                  IC1BUF = 0x144
                    0x0144                  _IC1BUF = 0x144
                    0x0146                  IC1TMR = 0x146
                    0x0146                  _IC1TMR = 0x146
                    0x0148                  IC2CON1 = 0x148
                    0x0148                  _IC2CON1 = 0x148
                    0x0148                  _IC2CON1bits = 0x148
                    0x014a                  IC2CON2 = 0x14a
                    0x014a                  _IC2CON2 = 0x14a
                    0x014a                  _IC2CON2bits = 0x14a
                    0x014c                  IC2BUF = 0x14c
                    0x014c                  _IC2BUF = 0x14c
                    0x014e                  IC2TMR = 0x14e
                    0x014e                  _IC2TMR = 0x14e
                    0x0150                  IC3CON1 = 0x150
                    0x0150                  _IC3CON1 = 0x150
                    0x0150                  _IC3CON1bits = 0x150
                    0x0152                  IC3CON2 = 0x152
                    0x0152                  _IC3CON2 = 0x152
                    0x0152                  _IC3CON2bits = 0x152
                    0x0154                  IC3BUF = 0x154
                    0x0154                  _IC3BUF = 0x154
                    0x0156                  IC3TMR = 0x156
                    0x0156                  _IC3TMR = 0x156
                    0x0158                  IC4CON1 = 0x158
                    0x0158                  _IC4CON1 = 0x158
                    0x0158                  _IC4CON1bits = 0x158
                    0x015a                  IC4CON2 = 0x15a
                    0x015a                  _IC4CON2 = 0x15a
                    0x015a                  _IC4CON2bits = 0x15a
                    0x015c                  IC4BUF = 0x15c
                    0x015c                  _IC4BUF = 0x15c
                    0x015e                  IC4TMR = 0x15e
                    0x015e                  _IC4TMR = 0x15e
                    0x0200                  I2C1RCV = 0x200
                    0x0200                  _I2C1RCV = 0x200
                    0x0202                  I2C1TRN = 0x202
                    0x0202                  _I2C1TRN = 0x202
                    0x0204                  I2C1BRG = 0x204
                    0x0204                  _I2C1BRG = 0x204
                    0x0206                  I2C1CON = 0x206
                    0x0206                  _I2C1CON = 0x206
                    0x0206                  _I2C1CONbits = 0x206
                    0x0208                  I2C1STAT = 0x208
                    0x0208                  _I2C1STAT = 0x208
                    0x0208                  _I2C1STATbits = 0x208
                    0x020a                  I2C1ADD = 0x20a
                    0x020a                  _I2C1ADD = 0x20a
                    0x020c                  I2C1MSK = 0x20c
                    0x020c                  _I2C1MSK = 0x20c
                    0x0210                  I2C2RCV = 0x210
                    0x0210                  _I2C2RCV = 0x210
                    0x0212                  I2C2TRN = 0x212
                    0x0212                  _I2C2TRN = 0x212
                    0x0214                  I2C2BRG = 0x214
                    0x0214                  _I2C2BRG = 0x214
                    0x0216                  I2C2CON = 0x216
                    0x0216                  _I2C2CON = 0x216
                    0x0216                  _I2C2CONbits = 0x216
                    0x0218                  I2C2STAT = 0x218
                    0x0218                  _I2C2STAT = 0x218
                    0x0218                  _I2C2STATbits = 0x218
                    0x021a                  I2C2ADD = 0x21a
                    0x021a                  _I2C2ADD = 0x21a
                    0x021c                  I2C2MSK = 0x21c
                    0x021c                  _I2C2MSK = 0x21c
                    0x0220                  U1MODE = 0x220
                    0x0220                  _U1MODE = 0x220
                    0x0220                  _U1MODEbits = 0x220
                    0x0222                  U1STA = 0x222
                    0x0222                  _U1STA = 0x222
                    0x0222                  _U1STAbits = 0x222
                    0x0224                  U1TXREG = 0x224
                    0x0224                  _U1TXREG = 0x224
                    0x0226                  U1RXREG = 0x226
                    0x0226                  _U1RXREG = 0x226
                    0x0228                  U1BRG = 0x228
                    0x0228                  _U1BRG = 0x228
                    0x0230                  U2MODE = 0x230
                    0x0230                  _U2MODE = 0x230
                    0x0230                  _U2MODEbits = 0x230
                    0x0232                  U2STA = 0x232
                    0x0232                  _U2STA = 0x232
                    0x0232                  _U2STAbits = 0x232
                    0x0234                  U2TXREG = 0x234
                    0x0234                  _U2TXREG = 0x234
                    0x0236                  U2RXREG = 0x236
                    0x0236                  _U2RXREG = 0x236
                    0x0238                  U2BRG = 0x238
                    0x0238                  _U2BRG = 0x238
                    0x0240                  SPI1STAT = 0x240
                    0x0240                  _SPI1STAT = 0x240
                    0x0240                  _SPI1STATbits = 0x240
                    0x0242                  SPI1CON1 = 0x242
                    0x0242                  _SPI1CON1 = 0x242
                    0x0242                  _SPI1CON1bits = 0x242
                    0x0244                  SPI1CON2 = 0x244
                    0x0244                  _SPI1CON2 = 0x244
                    0x0244                  _SPI1CON2bits = 0x244
                    0x0248                  SPI1BUF = 0x248
                    0x0248                  _SPI1BUF = 0x248
                    0x0260                  SPI2STAT = 0x260
                    0x0260                  _SPI2STAT = 0x260
                    0x0260                  _SPI2STATbits = 0x260
                    0x0262                  SPI2CON1 = 0x262
                    0x0262                  _SPI2CON1 = 0x262
                    0x0262                  _SPI2CON1bits = 0x262
                    0x0264                  SPI2CON2 = 0x264
                    0x0264                  _SPI2CON2 = 0x264
                    0x0264                  _SPI2CON2bits = 0x264
                    0x0268                  SPI2BUF = 0x268
                    0x0268                  _SPI2BUF = 0x268
                    0x0300                  ADC1BUF0 = 0x300
                    0x0300                  _ADC1BUF0 = 0x300
                    0x0302                  ADC1BUF1 = 0x302
                    0x0302                  _ADC1BUF1 = 0x302
                    0x0304                  ADC1BUF2 = 0x304
                    0x0304                  _ADC1BUF2 = 0x304
                    0x0306                  ADC1BUF3 = 0x306
                    0x0306                  _ADC1BUF3 = 0x306
                    0x0308                  ADC1BUF4 = 0x308
                    0x0308                  _ADC1BUF4 = 0x308
                    0x030a                  ADC1BUF5 = 0x30a
                    0x030a                  _ADC1BUF5 = 0x30a
                    0x030c                  ADC1BUF6 = 0x30c
                    0x030c                  _ADC1BUF6 = 0x30c
                    0x030e                  ADC1BUF7 = 0x30e
                    0x030e                  _ADC1BUF7 = 0x30e
                    0x0310                  ADC1BUF8 = 0x310
                    0x0310                  _ADC1BUF8 = 0x310
                    0x0312                  ADC1BUF9 = 0x312
                    0x0312                  _ADC1BUF9 = 0x312
                    0x0314                  ADC1BUFA = 0x314
                    0x0314                  _ADC1BUFA = 0x314
                    0x0316                  ADC1BUFB = 0x316
                    0x0316                  _ADC1BUFB = 0x316
                    0x0318                  ADC1BUFC = 0x318
                    0x0318                  _ADC1BUFC = 0x318
                    0x031a                  ADC1BUFD = 0x31a
                    0x031a                  _ADC1BUFD = 0x31a
                    0x031c                  ADC1BUFE = 0x31c
                    0x031c                  _ADC1BUFE = 0x31c
                    0x031e                  ADC1BUFF = 0x31e
                    0x031e                  _ADC1BUFF = 0x31e
                    0x0320                  AD1CON1 = 0x320
                    0x0320                  _AD1CON1 = 0x320
                    0x0320                  _AD1CON1bits = 0x320
                    0x0322                  AD1CON2 = 0x322
                    0x0322                  _AD1CON2 = 0x322
                    0x0322                  _AD1CON2bits = 0x322
                    0x0324                  AD1CON3 = 0x324
                    0x0324                  _AD1CON3 = 0x324
                    0x0324                  _AD1CON3bits = 0x324
                    0x0326                  AD1CHS123 = 0x326
                    0x0326                  _AD1CHS123 = 0x326
                    0x0326                  _AD1CHS123bits = 0x326
                    0x0328                  AD1CHS0 = 0x328
                    0x0328                  _AD1CHS0 = 0x328
                    0x0328                  _AD1CHS0bits = 0x328
                    0x032e                  AD1CSSH = 0x32e
                    0x032e                  _AD1CSSH = 0x32e
                    0x032e                  _AD1CSSHbits = 0x32e
                    0x0330                  AD1CSSL = 0x330
                    0x0330                  _AD1CSSL = 0x330
                    0x0330                  _AD1CSSLbits = 0x330
                    0x0332                  AD1CON4 = 0x332
                    0x0332                  _AD1CON4 = 0x332
                    0x0332                  _AD1CON4bits = 0x332
                    0x033a                  CTMUCON1 = 0x33a
                    0x033a                  _CTMUCON1 = 0x33a
                    0x033a                  _CTMUCON1bits = 0x33a
                    0x033c                  CTMUCON2 = 0x33c
                    0x033c                  _CTMUCON2 = 0x33c
                    0x033c                  _CTMUCON2bits = 0x33c
                    0x033e                  CTMUICON = 0x33e
                    0x033e                  _CTMUICON = 0x33e
                    0x033e                  _CTMUICONbits = 0x33e
                    0x0640                  CRCCON1 = 0x640
                    0x0640                  _CRCCON1 = 0x640
                    0x0640                  _CRCCON1bits = 0x640
                    0x0642                  CRCCON2 = 0x642
                    0x0642                  _CRCCON2 = 0x642
                    0x0642                  _CRCCON2bits = 0x642
                    0x0644                  CRCXORL = 0x644
                    0x0644                  _CRCXORL = 0x644
                    0x0644                  _CRCXORLbits = 0x644
                    0x0646                  CRCXORH = 0x646
                    0x0646                  _CRCXORH = 0x646
                    0x0646                  _CRCXORHbits = 0x646
                    0x0648                  CRCDAT = 0x648
                    0x0648                  _CRCDAT = 0x648
                    0x0648                  CRCDATL = 0x648
                    0x0648                  _CRCDATL = 0x648
                    0x064a                  CRCDATH = 0x64a
                    0x064a                  _CRCDATH = 0x64a
                    0x064c                  CRCWDAT = 0x64c
                    0x064c                  _CRCWDAT = 0x64c
                    0x064c                  CRCWDATL = 0x64c
                    0x064c                  _CRCWDATL = 0x64c
                    0x064e                  CRCWDATH = 0x64e
                    0x064e                  _CRCWDATH = 0x64e
                    0x0680                  RPOR0 = 0x680
                    0x0680                  _RPOR0 = 0x680
                    0x0680                  _RPOR0bits = 0x680
                    0x0682                  RPOR1 = 0x682
                    0x0682                  _RPOR1 = 0x682
                    0x0682                  _RPOR1bits = 0x682
                    0x0684                  RPOR2 = 0x684
                    0x0684                  _RPOR2 = 0x684
                    0x0684                  _RPOR2bits = 0x684
                    0x0686                  RPOR3 = 0x686
                    0x0686                  _RPOR3 = 0x686
                    0x0686                  _RPOR3bits = 0x686
                    0x0688                  RPOR4 = 0x688
                    0x0688                  _RPOR4 = 0x688
                    0x0688                  _RPOR4bits = 0x688
                    0x068a                  RPOR5 = 0x68a
                    0x068a                  _RPOR5 = 0x68a
                    0x068a                  _RPOR5bits = 0x68a
                    0x068c                  RPOR6 = 0x68c
                    0x068c                  _RPOR6 = 0x68c
                    0x068c                  _RPOR6bits = 0x68c
                    0x06a0                  RPINR0 = 0x6a0
                    0x06a0                  _RPINR0 = 0x6a0
                    0x06a0                  _RPINR0bits = 0x6a0
                    0x06a2                  RPINR1 = 0x6a2
                    0x06a2                  _RPINR1 = 0x6a2
                    0x06a2                  _RPINR1bits = 0x6a2
                    0x06a6                  RPINR3 = 0x6a6
                    0x06a6                  _RPINR3 = 0x6a6
                    0x06a6                  _RPINR3bits = 0x6a6
                    0x06ae                  RPINR7 = 0x6ae
                    0x06ae                  _RPINR7 = 0x6ae
                    0x06ae                  _RPINR7bits = 0x6ae
                    0x06b0                  RPINR8 = 0x6b0
                    0x06b0                  _RPINR8 = 0x6b0
                    0x06b0                  _RPINR8bits = 0x6b0
                    0x06b6                  RPINR11 = 0x6b6
                    0x06b6                  _RPINR11 = 0x6b6
                    0x06b6                  _RPINR11bits = 0x6b6
                    0x06c4                  RPINR18 = 0x6c4
                    0x06c4                  _RPINR18 = 0x6c4
                    0x06c4                  _RPINR18bits = 0x6c4
                    0x06c6                  RPINR19 = 0x6c6
                    0x06c6                  _RPINR19 = 0x6c6
                    0x06c6                  _RPINR19bits = 0x6c6
                    0x06cc                  RPINR22 = 0x6cc
                    0x06cc                  _RPINR22 = 0x6cc
                    0x06cc                  _RPINR22bits = 0x6cc
                    0x06ce                  RPINR23 = 0x6ce
                    0x06ce                  _RPINR23 = 0x6ce
                    0x06ce                  _RPINR23bits = 0x6ce
                    0x0728                  NVMCON = 0x728
                    0x0728                  _NVMCON = 0x728
                    0x0728                  _NVMCONbits = 0x728
                    0x072a                  NVMADR = 0x72a
                    0x072a                  _NVMADR = 0x72a
                    0x072c                  NVMADRU = 0x72c
                    0x072c                  _NVMADRU = 0x72c
                    0x072c                  _NVMADRUbits = 0x72c
                    0x072e                  NVMKEY = 0x72e
                    0x072e                  _NVMKEY = 0x72e
                    0x0740                  RCON = 0x740
                    0x0740                  _RCON = 0x740
                    0x0740                  _RCONbits = 0x740
                    0x0742                  OSCCON = 0x742
                    0x0742                  _OSCCON = 0x742
                    0x0742                  _OSCCONbits = 0x742
                    0x0742                  OSCCONL = 0x742
                    0x0742                  _OSCCONL = 0x742
                    0x0743                  OSCCONH = 0x743
                    0x0743                  _OSCCONH = 0x743
                    0x0744                  CLKDIV = 0x744
                    0x0744                  _CLKDIV = 0x744
                    0x0744                  _CLKDIVbits = 0x744
                    0x0746                  PLLFBD = 0x746
                    0x0746                  _PLLFBD = 0x746
                    0x0746                  _PLLFBDbits = 0x746
                    0x0748                  OSCTUN = 0x748
                    0x0748                  _OSCTUN = 0x748
                    0x0748                  _OSCTUNbits = 0x748
                    0x074e                  REFOCON = 0x74e
                    0x074e                  _REFOCON = 0x74e
                    0x074e                  _REFOCONbits = 0x74e
                    0x0760                  PMD1 = 0x760
                    0x0760                  _PMD1 = 0x760
                    0x0760                  _PMD1bits = 0x760
                    0x0762                  PMD2 = 0x762
                    0x0762                  _PMD2 = 0x762
                    0x0762                  _PMD2bits = 0x762
                    0x0764                  PMD3 = 0x764
                    0x0764                  _PMD3 = 0x764
                    0x0764                  _PMD3bits = 0x764
                    0x0766                  PMD4 = 0x766
                    0x0766                  _PMD4 = 0x766
                    0x0766                  _PMD4bits = 0x766
                    0x076a                  PMD6 = 0x76a
                    0x076a                  _PMD6 = 0x76a
                    0x076c                  PMD7 = 0x76c
                    0x076c                  _PMD7 = 0x76c
                    0x076c                  _PMD7bits = 0x76c
                    0x0800                  IFS0 = 0x800
                    0x0800                  _IFS0 = 0x800
                    0x0800                  _IFS0bits = 0x800
                    0x0802                  IFS1 = 0x802
                    0x0802                  _IFS1 = 0x802
                    0x0802                  _IFS1bits = 0x802
                    0x0804                  IFS2 = 0x804
                    0x0804                  _IFS2 = 0x804
                    0x0804                  _IFS2bits = 0x804
                    0x0806                  IFS3 = 0x806
                    0x0806                  _IFS3 = 0x806
                    0x0806                  _IFS3bits = 0x806
                    0x0808                  IFS4 = 0x808
                    0x0808                  _IFS4 = 0x808
                    0x0808                  _IFS4bits = 0x808
                    0x0810                  IFS8 = 0x810
                    0x0810                  _IFS8 = 0x810
                    0x0810                  _IFS8bits = 0x810
                    0x0812                  IFS9 = 0x812
                    0x0812                  _IFS9 = 0x812
                    0x0812                  _IFS9bits = 0x812
                    0x0820                  IEC0 = 0x820
                    0x0820                  _IEC0 = 0x820
                    0x0820                  _IEC0bits = 0x820
                    0x0822                  IEC1 = 0x822
                    0x0822                  _IEC1 = 0x822
                    0x0822                  _IEC1bits = 0x822
                    0x0824                  IEC2 = 0x824
                    0x0824                  _IEC2 = 0x824
                    0x0824                  _IEC2bits = 0x824
                    0x0826                  IEC3 = 0x826
                    0x0826                  _IEC3 = 0x826
                    0x0826                  _IEC3bits = 0x826
                    0x0828                  IEC4 = 0x828
                    0x0828                  _IEC4 = 0x828
                    0x0828                  _IEC4bits = 0x828
                    0x0830                  IEC8 = 0x830
                    0x0830                  _IEC8 = 0x830
                    0x0830                  _IEC8bits = 0x830
                    0x0832                  IEC9 = 0x832
                    0x0832                  _IEC9 = 0x832
                    0x0832                  _IEC9bits = 0x832
                    0x0840                  IPC0 = 0x840
                    0x0840                  _IPC0 = 0x840
                    0x0840                  _IPC0bits = 0x840
                    0x0842                  IPC1 = 0x842
                    0x0842                  _IPC1 = 0x842
                    0x0842                  _IPC1bits = 0x842
                    0x0844                  IPC2 = 0x844
                    0x0844                  _IPC2 = 0x844
                    0x0844                  _IPC2bits = 0x844
                    0x0846                  IPC3 = 0x846
                    0x0846                  _IPC3 = 0x846
                    0x0846                  _IPC3bits = 0x846
                    0x0848                  IPC4 = 0x848
                    0x0848                  _IPC4 = 0x848
                    0x0848                  _IPC4bits = 0x848
                    0x084a                  IPC5 = 0x84a
                    0x084a                  _IPC5 = 0x84a
                    0x084a                  _IPC5bits = 0x84a
                    0x084c                  IPC6 = 0x84c
                    0x084c                  _IPC6 = 0x84c
                    0x084c                  _IPC6bits = 0x84c
                    0x084e                  IPC7 = 0x84e
                    0x084e                  _IPC7 = 0x84e
                    0x084e                  _IPC7bits = 0x84e
                    0x0850                  IPC8 = 0x850
                    0x0850                  _IPC8 = 0x850
                    0x0850                  _IPC8bits = 0x850
                    0x0852                  IPC9 = 0x852
                    0x0852                  _IPC9 = 0x852
                    0x0852                  _IPC9bits = 0x852
                    0x0858                  IPC12 = 0x858
                    0x0858                  _IPC12 = 0x858
                    0x0858                  _IPC12bits = 0x858
                    0x0860                  IPC16 = 0x860
                    0x0860                  _IPC16 = 0x860
                    0x0860                  _IPC16bits = 0x860
                    0x0866                  IPC19 = 0x866
                    0x0866                  _IPC19 = 0x866
                    0x0866                  _IPC19bits = 0x866
                    0x0886                  IPC35 = 0x886
                    0x0886                  _IPC35 = 0x886
                    0x0886                  _IPC35bits = 0x886
                    0x0888                  IPC36 = 0x888
                    0x0888                  _IPC36 = 0x888
                    0x0888                  _IPC36bits = 0x888
                    0x088a                  IPC37 = 0x88a
                    0x088a                  _IPC37 = 0x88a
                    0x088a                  _IPC37bits = 0x88a
                    0x08c0                  INTCON1 = 0x8c0
                    0x08c0                  _INTCON1 = 0x8c0
                    0x08c0                  _INTCON1bits = 0x8c0
                    0x08c2                  INTCON2 = 0x8c2
                    0x08c2                  _INTCON2 = 0x8c2
                    0x08c2                  _INTCON2bits = 0x8c2
                    0x08c4                  INTCON3 = 0x8c4
                    0x08c4                  _INTCON3 = 0x8c4
                    0x08c4                  _INTCON3bits = 0x8c4
                    0x08c6                  INTCON4 = 0x8c6
                    0x08c6                  _INTCON4 = 0x8c6
                    0x08c6                  _INTCON4bits = 0x8c6
                    0x08c8                  INTTREG = 0x8c8
                    0x08c8                  _INTTREG = 0x8c8
                    0x08c8                  _INTTREGbits = 0x8c8
                    0x0900                  OC1CON1 = 0x900
                    0x0900                  _OC1CON1 = 0x900
                    0x0900                  _OC1CON1bits = 0x900
                    0x0902                  OC1CON2 = 0x902
                    0x0902                  _OC1CON2 = 0x902
                    0x0902                  _OC1CON2bits = 0x902
                    0x0904                  OC1RS = 0x904
                    0x0904                  _OC1RS = 0x904
                    0x0906                  OC1R = 0x906
                    0x0906                  _OC1R = 0x906
                    0x0908                  OC1TMR = 0x908
                    0x0908                  _OC1TMR = 0x908
                    0x090a                  OC2CON1 = 0x90a
                    0x090a                  _OC2CON1 = 0x90a
                    0x090a                  _OC2CON1bits = 0x90a
                    0x090c                  OC2CON2 = 0x90c
                    0x090c                  _OC2CON2 = 0x90c
                    0x090c                  _OC2CON2bits = 0x90c
                    0x090e                  OC2RS = 0x90e
                    0x090e                  _OC2RS = 0x90e
                    0x0910                  OC2R = 0x910
                    0x0910                  _OC2R = 0x910
                    0x0912                  OC2TMR = 0x912
                    0x0912                  _OC2TMR = 0x912
                    0x0914                  OC3CON1 = 0x914
                    0x0914                  _OC3CON1 = 0x914
                    0x0914                  _OC3CON1bits = 0x914
                    0x0916                  OC3CON2 = 0x916
                    0x0916                  _OC3CON2 = 0x916
                    0x0916                  _OC3CON2bits = 0x916
                    0x0918                  OC3RS = 0x918
                    0x0918                  _OC3RS = 0x918
                    0x091a                  OC3R = 0x91a
                    0x091a                  _OC3R = 0x91a
                    0x091c                  OC3TMR = 0x91c
                    0x091c                  _OC3TMR = 0x91c
                    0x091e                  OC4CON1 = 0x91e
                    0x091e                  _OC4CON1 = 0x91e
                    0x091e                  _OC4CON1bits = 0x91e
                    0x0920                  OC4CON2 = 0x920
                    0x0920                  _OC4CON2 = 0x920
                    0x0920                  _OC4CON2bits = 0x920
                    0x0922                  OC4RS = 0x922
                    0x0922                  _OC4RS = 0x922
                    0x0924                  OC4R = 0x924
                    0x0924                  _OC4R = 0x924
                    0x0926                  OC4TMR = 0x926
                    0x0926                  _OC4TMR = 0x926
                    0x0a80                  CMSTAT = 0xa80
                    0x0a80                  _CMSTAT = 0xa80
                    0x0a80                  _CMSTATbits = 0xa80
                    0x0a82                  CVRCON = 0xa82
                    0x0a82                  _CVRCON = 0xa82
                    0x0a82                  _CVRCONbits = 0xa82
                    0x0a84                  CM1CON = 0xa84
                    0x0a84                  _CM1CON = 0xa84
                    0x0a84                  _CM1CONbits = 0xa84
                    0x0a86                  CM1MSKSRC = 0xa86
                    0x0a86                  _CM1MSKSRC = 0xa86
                    0x0a86                  _CM1MSKSRCbits = 0xa86
                    0x0a88                  CM1MSKCON = 0xa88
                    0x0a88                  _CM1MSKCON = 0xa88
                    0x0a88                  _CM1MSKCONbits = 0xa88
                    0x0a8a                  CM1FLTR = 0xa8a
                    0x0a8a                  _CM1FLTR = 0xa8a
                    0x0a8a                  _CM1FLTRbits = 0xa8a
                    0x0a8c                  CM2CON = 0xa8c
                    0x0a8c                  _CM2CON = 0xa8c
                    0x0a8c                  _CM2CONbits = 0xa8c
                    0x0a8e                  CM2MSKSRC = 0xa8e
                    0x0a8e                  _CM2MSKSRC = 0xa8e
                    0x0a8e                  _CM2MSKSRCbits = 0xa8e
                    0x0a90                  CM2MSKCON = 0xa90
                    0x0a90                  _CM2MSKCON = 0xa90
                    0x0a90                  _CM2MSKCONbits = 0xa90
                    0x0a92                  CM2FLTR = 0xa92
                    0x0a92                  _CM2FLTR = 0xa92
                    0x0a92                  _CM2FLTRbits = 0xa92
                    0x0a94                  CM3CON = 0xa94
                    0x0a94                  _CM3CON = 0xa94
                    0x0a94                  _CM3CONbits = 0xa94
                    0x0a96                  CM3MSKSRC = 0xa96
                    0x0a96                  _CM3MSKSRC = 0xa96
                    0x0a96                  _CM3MSKSRCbits = 0xa96
                    0x0a98                  CM3MSKCON = 0xa98
                    0x0a98                  _CM3MSKCON = 0xa98
                    0x0a98                  _CM3MSKCONbits = 0xa98
                    0x0a9a                  CM3FLTR = 0xa9a
                    0x0a9a                  _CM3FLTR = 0xa9a
                    0x0a9a                  _CM3FLTRbits = 0xa9a
                    0x0a9c                  CM4CON = 0xa9c
                    0x0a9c                  _CM4CON = 0xa9c
                    0x0a9c                  _CM4CONbits = 0xa9c
                    0x0a9e                  CM4MSKSRC = 0xa9e
                    0x0a9e                  _CM4MSKSRC = 0xa9e
                    0x0a9e                  _CM4MSKSRCbits = 0xa9e
                    0x0aa0                  CM4MSKCON = 0xaa0
                    0x0aa0                  _CM4MSKCON = 0xaa0
                    0x0aa0                  _CM4MSKCONbits = 0xaa0
                    0x0aa2                  CM4FLTR = 0xaa2
                    0x0aa2                  _CM4FLTR = 0xaa2
                    0x0aa2                  _CM4FLTRbits = 0xaa2
                    0x0ac0                  PTGCST = 0xac0
                    0x0ac0                  _PTGCST = 0xac0
                    0x0ac0                  _PTGCSTbits = 0xac0
                    0x0ac2                  PTGCON = 0xac2
                    0x0ac2                  _PTGCON = 0xac2
                    0x0ac2                  _PTGCONbits = 0xac2
                    0x0ac4                  PTGBTE = 0xac4
                    0x0ac4                  _PTGBTE = 0xac4
                    0x0ac4                  _PTGBTEbits = 0xac4
                    0x0ac6                  PTGHOLD = 0xac6
                    0x0ac6                  _PTGHOLD = 0xac6
                    0x0ac8                  PTGT0LIM = 0xac8
                    0x0ac8                  _PTGT0LIM = 0xac8
                    0x0aca                  PTGT1LIM = 0xaca
                    0x0aca                  _PTGT1LIM = 0xaca
                    0x0acc                  PTGSDLIM = 0xacc
                    0x0acc                  _PTGSDLIM = 0xacc
                    0x0ace                  PTGC0LIM = 0xace
                    0x0ace                  _PTGC0LIM = 0xace
                    0x0ad0                  PTGC1LIM = 0xad0
                    0x0ad0                  _PTGC1LIM = 0xad0
                    0x0ad2                  PTGADJ = 0xad2
                    0x0ad2                  _PTGADJ = 0xad2
                    0x0ad4                  PTGL0 = 0xad4
                    0x0ad4                  _PTGL0 = 0xad4
                    0x0ad6                  PTGQPTR = 0xad6
                    0x0ad6                  _PTGQPTR = 0xad6
                    0x0ad6                  _PTGQPTRbits = 0xad6
                    0x0ad8                  PTGQUE0 = 0xad8
                    0x0ad8                  _PTGQUE0 = 0xad8
                    0x0ad8                  _PTGQUE0bits = 0xad8
                    0x0ada                  PTGQUE1 = 0xada
                    0x0ada                  _PTGQUE1 = 0xada
                    0x0ada                  _PTGQUE1bits = 0xada
                    0x0adc                  PTGQUE2 = 0xadc
                    0x0adc                  _PTGQUE2 = 0xadc
                    0x0adc                  _PTGQUE2bits = 0xadc
                    0x0ade                  PTGQUE3 = 0xade
                    0x0ade                  _PTGQUE3 = 0xade
                    0x0ade                  _PTGQUE3bits = 0xade
                    0x0ae0                  PTGQUE4 = 0xae0
                    0x0ae0                  _PTGQUE4 = 0xae0
                    0x0ae0                  _PTGQUE4bits = 0xae0
                    0x0ae2                  PTGQUE5 = 0xae2
                    0x0ae2                  _PTGQUE5 = 0xae2
                    0x0ae2                  _PTGQUE5bits = 0xae2
                    0x0ae4                  PTGQUE6 = 0xae4
                    0x0ae4                  _PTGQUE6 = 0xae4
                    0x0ae4                  _PTGQUE6bits = 0xae4
                    0x0ae6                  PTGQUE7 = 0xae6
                    0x0ae6                  _PTGQUE7 = 0xae6
                    0x0ae6                  _PTGQUE7bits = 0xae6
                    0x0b00                  DMA0CON = 0xb00
                    0x0b00                  _DMA0CON = 0xb00
                    0x0b00                  _DMA0CONbits = 0xb00
                    0x0b02                  DMA0REQ = 0xb02
                    0x0b02                  _DMA0REQ = 0xb02
                    0x0b02                  _DMA0REQbits = 0xb02
                    0x0b04                  DMA0STAL = 0xb04
                    0x0b04                  _DMA0STAL = 0xb04
                    0x0b06                  DMA0STAH = 0xb06
                    0x0b06                  _DMA0STAH = 0xb06
                    0x0b06                  _DMA0STAHbits = 0xb06
                    0x0b08                  DMA0STBL = 0xb08
                    0x0b08                  _DMA0STBL = 0xb08
                    0x0b0a                  DMA0STBH = 0xb0a
                    0x0b0a                  _DMA0STBH = 0xb0a
                    0x0b0a                  _DMA0STBHbits = 0xb0a
                    0x0b0c                  DMA0PAD = 0xb0c
                    0x0b0c                  _DMA0PAD = 0xb0c
                    0x0b0e                  DMA0CNT = 0xb0e
                    0x0b0e                  _DMA0CNT = 0xb0e
                    0x0b0e                  _DMA0CNTbits = 0xb0e
                    0x0b10                  DMA1CON = 0xb10
                    0x0b10                  _DMA1CON = 0xb10
                    0x0b10                  _DMA1CONbits = 0xb10
                    0x0b12                  DMA1REQ = 0xb12
                    0x0b12                  _DMA1REQ = 0xb12
                    0x0b12                  _DMA1REQbits = 0xb12
                    0x0b14                  DMA1STAL = 0xb14
                    0x0b14                  _DMA1STAL = 0xb14
                    0x0b16                  DMA1STAH = 0xb16
                    0x0b16                  _DMA1STAH = 0xb16
                    0x0b16                  _DMA1STAHbits = 0xb16
                    0x0b18                  DMA1STBL = 0xb18
                    0x0b18                  _DMA1STBL = 0xb18
                    0x0b1a                  DMA1STBH = 0xb1a
                    0x0b1a                  _DMA1STBH = 0xb1a
                    0x0b1a                  _DMA1STBHbits = 0xb1a
                    0x0b1c                  DMA1PAD = 0xb1c
                    0x0b1c                  _DMA1PAD = 0xb1c
                    0x0b1e                  DMA1CNT = 0xb1e
                    0x0b1e                  _DMA1CNT = 0xb1e
                    0x0b1e                  _DMA1CNTbits = 0xb1e
                    0x0b20                  DMA2CON = 0xb20
                    0x0b20                  _DMA2CON = 0xb20
                    0x0b20                  _DMA2CONbits = 0xb20
                    0x0b22                  DMA2REQ = 0xb22
                    0x0b22                  _DMA2REQ = 0xb22
                    0x0b22                  _DMA2REQbits = 0xb22
                    0x0b24                  DMA2STAL = 0xb24
                    0x0b24                  _DMA2STAL = 0xb24
                    0x0b26                  DMA2STAH = 0xb26
                    0x0b26                  _DMA2STAH = 0xb26
                    0x0b26                  _DMA2STAHbits = 0xb26
                    0x0b28                  DMA2STBL = 0xb28
                    0x0b28                  _DMA2STBL = 0xb28
                    0x0b2a                  DMA2STBH = 0xb2a
                    0x0b2a                  _DMA2STBH = 0xb2a
                    0x0b2a                  _DMA2STBHbits = 0xb2a
                    0x0b2c                  DMA2PAD = 0xb2c
                    0x0b2c                  _DMA2PAD = 0xb2c
                    0x0b2e                  DMA2CNT = 0xb2e
                    0x0b2e                  _DMA2CNT = 0xb2e
                    0x0b2e                  _DMA2CNTbits = 0xb2e
                    0x0b30                  DMA3CON = 0xb30
                    0x0b30                  _DMA3CON = 0xb30
                    0x0b30                  _DMA3CONbits = 0xb30
                    0x0b32                  DMA3REQ = 0xb32
                    0x0b32                  _DMA3REQ = 0xb32
                    0x0b32                  _DMA3REQbits = 0xb32
                    0x0b34                  DMA3STAL = 0xb34
                    0x0b34                  _DMA3STAL = 0xb34
                    0x0b36                  DMA3STAH = 0xb36
                    0x0b36                  _DMA3STAH = 0xb36
                    0x0b36                  _DMA3STAHbits = 0xb36
                    0x0b38                  DMA3STBL = 0xb38
                    0x0b38                  _DMA3STBL = 0xb38
                    0x0b3a                  DMA3STBH = 0xb3a
                    0x0b3a                  _DMA3STBH = 0xb3a
                    0x0b3a                  _DMA3STBHbits = 0xb3a
                    0x0b3c                  DMA3PAD = 0xb3c
                    0x0b3c                  _DMA3PAD = 0xb3c
                    0x0b3e                  DMA3CNT = 0xb3e
                    0x0b3e                  _DMA3CNT = 0xb3e
                    0x0b3e                  _DMA3CNTbits = 0xb3e
                    0x0bf0                  DMAPWC = 0xbf0
                    0x0bf0                  _DMAPWC = 0xbf0
                    0x0bf0                  _DMAPWCbits = 0xbf0
                    0x0bf2                  DMARQC = 0xbf2
                    0x0bf2                  _DMARQC = 0xbf2
                    0x0bf2                  _DMARQCbits = 0xbf2
                    0x0bf4                  DMAPPS = 0xbf4
                    0x0bf4                  _DMAPPS = 0xbf4
                    0x0bf4                  _DMAPPSbits = 0xbf4
                    0x0bf6                  DMALCA = 0xbf6
                    0x0bf6                  _DMALCA = 0xbf6
                    0x0bf6                  _DMALCAbits = 0xbf6
                    0x0bf8                  DSADRL = 0xbf8
                    0x0bf8                  _DSADRL = 0xbf8
                    0x0bfa                  DSADRH = 0xbfa
                    0x0bfa                  _DSADRH = 0xbfa
                    0x0bfa                  _DSADRHbits = 0xbfa
                    0x0e00                  TRISA = 0xe00
                    0x0e00                  _TRISA = 0xe00
                    0x0e00                  _TRISAbits = 0xe00
                    0x0e02                  PORTA = 0xe02
                    0x0e02                  _PORTA = 0xe02
                    0x0e02                  _PORTAbits = 0xe02
                    0x0e04                  LATA = 0xe04
                    0x0e04                  _LATA = 0xe04
                    0x0e04                  _LATAbits = 0xe04
                    0x0e06                  ODCA = 0xe06
                    0x0e06                  _ODCA = 0xe06
                    0x0e06                  _ODCAbits = 0xe06
                    0x0e08                  CNENA = 0xe08
                    0x0e08                  _CNENA = 0xe08
                    0x0e08                  _CNENAbits = 0xe08
                    0x0e0a                  CNPUA = 0xe0a
                    0x0e0a                  _CNPUA = 0xe0a
                    0x0e0a                  _CNPUAbits = 0xe0a
                    0x0e0c                  CNPDA = 0xe0c
                    0x0e0c                  _CNPDA = 0xe0c
                    0x0e0c                  _CNPDAbits = 0xe0c
                    0x0e0e                  ANSELA = 0xe0e
                    0x0e0e                  _ANSELA = 0xe0e
                    0x0e0e                  _ANSELAbits = 0xe0e
                    0x0e10                  TRISB = 0xe10
                    0x0e10                  _TRISB = 0xe10
                    0x0e10                  _TRISBbits = 0xe10
                    0x0e12                  PORTB = 0xe12
                    0x0e12                  _PORTB = 0xe12
                    0x0e12                  _PORTBbits = 0xe12
                    0x0e14                  LATB = 0xe14
                    0x0e14                  _LATB = 0xe14
                    0x0e14                  _LATBbits = 0xe14
                    0x0e16                  ODCB = 0xe16
                    0x0e16                  _ODCB = 0xe16
                    0x0e16                  _ODCBbits = 0xe16
                    0x0e18                  CNENB = 0xe18
                    0x0e18                  _CNENB = 0xe18
                    0x0e18                  _CNENBbits = 0xe18
                    0x0e1a                  CNPUB = 0xe1a
                    0x0e1a                  _CNPUB = 0xe1a
                    0x0e1a                  _CNPUBbits = 0xe1a